Archive member included because of file (symbol)

W:/OneDrive/CCS/lpmsp430g2553_SPI/Debug\liblpmsp430g2553_SPI.a(SPI.o)
                              ./Enrf24.o (SPI)
W:/OneDrive/CCS/lpmsp430g2553_SPI/Debug\liblpmsp430g2553_SPI.a(usci_spi.o)
                              ./RF_light_remote.o (spi_initialize())
W:/OneDrive/CCS/lpmsp430g2553_core/Debug\liblpmsp430g2553_core.a(WInterrupts.o)
                              ./RF_light_remote.o (attachInterrupt)
W:/OneDrive/CCS/lpmsp430g2553_core/Debug\liblpmsp430g2553_core.a(wiring.o)
                              ./Enrf24.o (millis)
W:/OneDrive/CCS/lpmsp430g2553_core/Debug\liblpmsp430g2553_core.a(wiring_digital.o)
                              ./Enrf24.o (pinMode)
W:/OneDrive/CCS/lpmsp430g2553_core/Debug\liblpmsp430g2553_core.a(main.o)
                              (main)
W:/OneDrive/CCS/lpmsp430g2553_core/Debug\liblpmsp430g2553_core.a(Print.o)
                              ./Enrf24.o (Print::write(unsigned char const*, unsigned int))
W:/OneDrive/CCS/lpmsp430g2553_core/Debug\liblpmsp430g2553_core.a(WString.o)
                              W:/OneDrive/CCS/lpmsp430g2553_core/Debug\liblpmsp430g2553_core.a(Print.o) (String::operator[](unsigned int) const)
W:/OneDrive/CCS/lpmsp430g2553_core/Debug\liblpmsp430g2553_core.a(atof.o)
                              W:/OneDrive/CCS/lpmsp430g2553_core/Debug\liblpmsp430g2553_core.a(WString.o) (atof)
W:/OneDrive/CCS/lpmsp430g2553_core/Debug\liblpmsp430g2553_core.a(dtostrf.o)
                              W:/OneDrive/CCS/lpmsp430g2553_core/Debug\liblpmsp430g2553_core.a(WString.o) (dtostrf)
W:/OneDrive/CCS/lpmsp430g2553_core/Debug\liblpmsp430g2553_core.a(itoa.o)
                              W:/OneDrive/CCS/lpmsp430g2553_core/Debug\liblpmsp430g2553_core.a(WString.o) (ltoa)
W:/OneDrive/CCS/lpmsp430g2553_core/Debug\liblpmsp430g2553_core.a(new.o)
                              W:/OneDrive/CCS/lpmsp430g2553_core/Debug\liblpmsp430g2553_core.a(Print.o) (__cxa_pure_virtual)
w:/energia-0101e0017/hardware/tools/msp430/bin/../lib/gcc/msp430/4.6.3/../../../../msp430/lib\libm.a(ef_pow.o)
                              W:/OneDrive/CCS/lpmsp430g2553_core/Debug\liblpmsp430g2553_core.a(dtostrf.o) (powf)
w:/energia-0101e0017/hardware/tools/msp430/bin/../lib/gcc/msp430/4.6.3/../../../../msp430/lib\libm.a(sf_scalbn.o)
                              w:/energia-0101e0017/hardware/tools/msp430/bin/../lib/gcc/msp430/4.6.3/../../../../msp430/lib\libm.a(ef_pow.o) (scalbnf)
w:/energia-0101e0017/hardware/tools/msp430/bin/../lib/gcc/msp430/4.6.3/../../../../msp430/lib\libm.a(ef_sqrt.o)
                              w:/energia-0101e0017/hardware/tools/msp430/bin/../lib/gcc/msp430/4.6.3/../../../../msp430/lib\libm.a(ef_pow.o) (__ieee754_sqrtf)
w:/energia-0101e0017/hardware/tools/msp430/bin/../lib/gcc/msp430/4.6.3\libgcc.a(_mulqi3.o)
                              W:/OneDrive/CCS/lpmsp430g2553_core/Debug\liblpmsp430g2553_core.a(Print.o) (__mulqi3)
w:/energia-0101e0017/hardware/tools/msp430/bin/../lib/gcc/msp430/4.6.3\libgcc.a(_mulhi3.o)
                              W:/OneDrive/CCS/lpmsp430g2553_core/Debug\liblpmsp430g2553_core.a(wiring.o) (__mulhi3)
w:/energia-0101e0017/hardware/tools/msp430/bin/../lib/gcc/msp430/4.6.3\libgcc.a(_mulsi3.o)
                              W:/OneDrive/CCS/lpmsp430g2553_core/Debug\liblpmsp430g2553_core.a(wiring.o) (__mulsi3)
w:/energia-0101e0017/hardware/tools/msp430/bin/../lib/gcc/msp430/4.6.3\libgcc.a(_udivmod16.o)
                              ./Enrf24.o (__udivhi3)
w:/energia-0101e0017/hardware/tools/msp430/bin/../lib/gcc/msp430/4.6.3\libgcc.a(_udivmod32.o)
                              W:/OneDrive/CCS/lpmsp430g2553_core/Debug\liblpmsp430g2553_core.a(wiring.o) (__udivsi3)
w:/energia-0101e0017/hardware/tools/msp430/bin/../lib/gcc/msp430/4.6.3\libgcc.a(_fixunssfsi.o)
                              W:/OneDrive/CCS/lpmsp430g2553_core/Debug\liblpmsp430g2553_core.a(Print.o) (__fixunssfsi)
w:/energia-0101e0017/hardware/tools/msp430/bin/../lib/gcc/msp430/4.6.3\libgcc.a(_addsub_sf.o)
                              W:/OneDrive/CCS/lpmsp430g2553_core/Debug\liblpmsp430g2553_core.a(Print.o) (__addsf3)
w:/energia-0101e0017/hardware/tools/msp430/bin/../lib/gcc/msp430/4.6.3\libgcc.a(_mul_sf.o)
                              W:/OneDrive/CCS/lpmsp430g2553_core/Debug\liblpmsp430g2553_core.a(Print.o) (__mulsf3)
w:/energia-0101e0017/hardware/tools/msp430/bin/../lib/gcc/msp430/4.6.3\libgcc.a(_div_sf.o)
                              W:/OneDrive/CCS/lpmsp430g2553_core/Debug\liblpmsp430g2553_core.a(Print.o) (__divsf3)
w:/energia-0101e0017/hardware/tools/msp430/bin/../lib/gcc/msp430/4.6.3\libgcc.a(_gt_sf.o)
                              w:/energia-0101e0017/hardware/tools/msp430/bin/../lib/gcc/msp430/4.6.3/../../../../msp430/lib\libm.a(ef_pow.o) (__gtsf2)
w:/energia-0101e0017/hardware/tools/msp430/bin/../lib/gcc/msp430/4.6.3\libgcc.a(_ge_sf.o)
[...]
Memory Configuration

Name             Origin             Length             Attributes
sfr              0x00000000         0x00000010
peripheral_8bit  0x00000010         0x000000f0
peripheral_16bit 0x00000100         0x00000100
ram              0x00000200         0x00000200         xw
infomem          0x00001000         0x00000100
infod            0x00001000         0x00000040
infoc            0x00001040         0x00000040
infob            0x00001080         0x00000040
infoa            0x000010c0         0x00000040
rom              0x0000c000         0x00003fe0         xr
vectors          0x0000ffe0         0x00000020
bsl              0x00000000         0x00000000
ram2             0x00000000         0x00000000         xw
ram_mirror       0x00000000         0x00000000         xw
signature        0x00000000         0x00000000
tinyram          0x00000000         0x00000000         xw
usbram           0x00000000         0x00000000         xw
far_rom          0x00000000         0x00000000
*default*        0x00000000         0xffffffff

Linker script and memory map

LOAD w:/energia-0101e0017/hardware/tools/msp430/bin/../lib/gcc/msp430/4.6.3/crt0ivtbl16.o
LOAD ./Enrf24.o
LOAD ./RF_light_remote.o
START GROUP
LOAD W:/OneDrive/CCS/lpmsp430g2553_SPI/Debug\liblpmsp430g2553_SPI.a
LOAD W:/OneDrive/CCS/lpmsp430g2553_core/Debug\liblpmsp430g2553_core.a
LOAD w:/energia-0101e0017/hardware/tools/msp430/bin/../lib/gcc/msp430/4.6.3/../../../../msp430/lib\libm.a
END GROUP
LOAD w:/energia-0101e0017/hardware/tools/msp430/bin/../lib/gcc/msp430/4.6.3\libgcc.a
LOAD w:/energia-0101e0017/hardware/tools/msp430/bin/../lib/gcc/msp430/4.6.3/../../../../msp430/lib\libc.a
LOAD w:/energia-0101e0017/hardware/tools/msp430/bin/../lib/gcc/msp430/4.6.3\libgcc.a
LOAD w:/energia-0101e0017/hardware/tools/msp430/bin/../lib/gcc/msp430/4.6.3\libcrt0.a
                0x00000040                PROVIDE (__info_segment_size, 0x40)
                0x00001000                PROVIDE (__infod, 0x1000)
                0x00001040                PROVIDE (__infoc, 0x1040)
                0x00001080                PROVIDE (__infob, 0x1080)
                0x000010c0                PROVIDE (__infoa, 0x10c0)
                0x00000000                __IE1 = 0x0
                0x00000002                __IFG1 = 0x2
                0x00000001                __IE2 = 0x1
                0x00000003                __IFG2 = 0x3
                0x00000048                __ADC10DTC0 = 0x48
                0x00000049                __ADC10DTC1 = 0x49
                0x0000004a                __ADC10AE0 = 0x4a
                0x000001b0                __ADC10CTL0 = 0x1b0
                0x000001b2                __ADC10CTL1 = 0x1b2
                0x000001b4                __ADC10MEM = 0x1b4
                0x000001bc                __ADC10SA = 0x1bc
                0x00000056                __DCOCTL = 0x56
                0x00000057                __BCSCTL1 = 0x57
                0x00000058                __BCSCTL2 = 0x58
                0x00000053                __BCSCTL3 = 0x53
                0x00000059                __CACTL1 = 0x59
                0x0000005a                __CACTL2 = 0x5a
                0x0000005b                __CAPD = 0x5b
                0x00000128                __FCTL1 = 0x128
                0x0000012a                __FCTL2 = 0x12a
                0x0000012c                __FCTL3 = 0x12c
                0x00000020                __P1IN = 0x20
                0x00000021                __P1OUT = 0x21
                0x00000022                __P1DIR = 0x22
                0x00000023                __P1IFG = 0x23
                0x00000024                __P1IES = 0x24
                0x00000025                __P1IE = 0x25
                0x00000026                __P1SEL = 0x26
                0x00000041                __P1SEL2 = 0x41
                0x00000027                __P1REN = 0x27
                0x00000028                __P2IN = 0x28
                0x00000029                __P2OUT = 0x29
                0x0000002a                __P2DIR = 0x2a
                0x0000002b                __P2IFG = 0x2b
                0x0000002c                __P2IES = 0x2c
                0x0000002d                __P2IE = 0x2d
                0x0000002e                __P2SEL = 0x2e
                0x00000042                __P2SEL2 = 0x42
                0x0000002f                __P2REN = 0x2f
                0x00000018                __P3IN = 0x18
                0x00000019                __P3OUT = 0x19
                0x0000001a                __P3DIR = 0x1a
                0x0000001b                __P3SEL = 0x1b
                0x00000043                __P3SEL2 = 0x43
                0x00000010                __P3REN = 0x10
                0x0000012e                __TA0IV = 0x12e
                0x00000160                __TA0CTL = 0x160
                0x00000162                __TA0CCTL0 = 0x162
                0x00000164                __TA0CCTL1 = 0x164
                0x00000166                __TA0CCTL2 = 0x166
                0x00000170                __TA0R = 0x170
                0x00000172                __TA0CCR0 = 0x172
                0x00000174                __TA0CCR1 = 0x174
                0x00000176                __TA0CCR2 = 0x176
                0x0000011e                __TA1IV = 0x11e
                0x00000180                __TA1CTL = 0x180
                0x00000182                __TA1CCTL0 = 0x182
                0x00000184                __TA1CCTL1 = 0x184
                0x00000186                __TA1CCTL2 = 0x186
                0x00000190                __TA1R = 0x190
                0x00000192                __TA1CCR0 = 0x192
                0x00000194                __TA1CCR1 = 0x194
                0x00000196                __TA1CCR2 = 0x196
                0x00000060                __UCA0CTL0 = 0x60
                0x00000061                __UCA0CTL1 = 0x61
                0x00000062                __UCA0BR0 = 0x62
                0x00000063                __UCA0BR1 = 0x63
                0x00000064                __UCA0MCTL = 0x64
                0x00000065                __UCA0STAT = 0x65
                0x00000066                __UCA0RXBUF = 0x66
                0x00000067                __UCA0TXBUF = 0x67
                0x0000005d                __UCA0ABCTL = 0x5d
                0x0000005e                __UCA0IRTCTL = 0x5e
                0x0000005f                __UCA0IRRCTL = 0x5f
                0x00000068                __UCB0CTL0 = 0x68
                0x00000069                __UCB0CTL1 = 0x69
                0x0000006a                __UCB0BR0 = 0x6a
                0x0000006b                __UCB0BR1 = 0x6b
                0x0000006c                __UCB0I2CIE = 0x6c
                0x0000006d                __UCB0STAT = 0x6d
                0x0000006e                __UCB0RXBUF = 0x6e
                0x0000006f                __UCB0TXBUF = 0x6f
                0x00000118                __UCB0I2COA = 0x118
                0x0000011a                __UCB0I2CSA = 0x11a
                0x00000120                __WDTCTL = 0x120
                0x000010f8                __CALDCO_16MHZ = 0x10f8
                0x000010f9                __CALBC1_16MHZ = 0x10f9
                0x000010fa                __CALDCO_12MHZ = 0x10fa
                0x000010fb                __CALBC1_12MHZ = 0x10fb
                0x000010fc                __CALDCO_8MHZ = 0x10fc
                0x000010fd                __CALBC1_8MHZ = 0x10fd
                0x000010fe                __CALDCO_1MHZ = 0x10fe
                0x000010ff                __CALBC1_1MHZ = 0x10ff
                0x000010c0                __TLV_CHECKSUM = 0x10c0
                0x000010f6                __TLV_DCO_30_TAG = 0x10f6
                0x000010f7                __TLV_DCO_30_LEN = 0x10f7
                0x000010da                __TLV_ADC10_1_TAG = 0x10da
                0x000010db                __TLV_ADC10_1_LEN = 0x10db

.hash
 *(.hash)

.dynsym
 *(.dynsym)

.dynstr
 *(.dynstr)

.gnu.version
 *(.gnu.version)

.gnu.version_d
 *(.gnu.version_d)

.gnu.version_r
 *(.gnu.version_r)

.rel.init
 *(.rel.init)

.rela.init
 *(.rela.init)

.rel.fini
 *(.rel.fini)

.rela.fini
 *(.rela.fini)

.rel.text
 *(.rel.text .rel.text.* .rel.gnu.linkonce.t.*)

.rela.text
 *(.rela.text .rela.text.* .rela.gnu.linkonce.t.*)

.rel.rodata
 *(.rel.rodata .rel.rodata.* .rel.gnu.linkonce.r.*)

.rela.rodata
 *(.rela.rodata .rela.rodata.* .rela.gnu.linkonce.r.*)

.rel.data
 *(.rel.data .rel.data.* .rel.gnu.linkonce.d.*)

.rela.data
 *(.rela.data .rela.data.* .rela.gnu.linkonce.d.*)

.rel.bss
 *(.rel.bss .rel.bss.* .rel.gnu.linkonce.b.*)

.rela.bss
 *(.rela.bss .rela.bss.* .rela.gnu.linkonce.b.*)

.rel.ctors
 *(.rel.ctors)

.rela.ctors
 *(.rela.ctors)

.rel.dtors
 *(.rel.dtors)

.rela.dtors
 *(.rela.dtors)

.rel.got
 *(.rel.got)

.rela.got
 *(.rela.got)

.rel.plt
 *(.rel.plt)

.rela.plt
 *(.rela.plt)

.text           0x0000c000     0x11b4
                0x0000c000                . = ALIGN (0x2)
 *(.init .init.*)
 *(.init0)
 .init0         0x0000c000        0x0 w:/energia-0101e0017/hardware/tools/msp430/bin/../lib/gcc/msp430/4.6.3\libcrt0.a(_reset_vector__.o)
                0x0000c000                _reset_vector__
 *(.init1)
 .init1         0x0000c000        0xc w:/energia-0101e0017/hardware/tools/msp430/bin/../lib/gcc/msp430/4.6.3\libcrt0.a(__watchdog_support.o)
                0x0000c000                __watchdog_support
 *(.init2)
 .init2         0x0000c00c        0x4 w:/energia-0101e0017/hardware/tools/msp430/bin/../lib/gcc/msp430/4.6.3\libcrt0.a(__init_stack.o)
                0x0000c00c                __init_stack
 *(.init3)
 .init3         0x0000c010        0x0 w:/energia-0101e0017/hardware/tools/msp430/bin/../lib/gcc/msp430/4.6.3\libcrt0.a(__low_level_init.o)
                0x0000c010                __low_level_init
 *(.init4)
 .init4         0x0000c010       0x18 w:/energia-0101e0017/hardware/tools/msp430/bin/../lib/gcc/msp430/4.6.3\libcrt0.a(_copy_data.o)
                0x0000c010                __do_copy_data
 .init4         0x0000c028       0x16 w:/energia-0101e0017/hardware/tools/msp430/bin/../lib/gcc/msp430/4.6.3\libcrt0.a(_clear_bss.o)
                0x0000c028                __do_clear_bss
 *(.init5)
 *(.init6)
 .init6         0x0000c03e       0x14 w:/energia-0101e0017/hardware/tools/msp430/bin/../lib/gcc/msp430/4.6.3\libcrt0.a(_ctors430.o)
                0x0000c03e                __do_global_ctors
 *(.init7)
 *(.init8)
 *(.init9)
 .init9         0x0000c052       0x1a W:/OneDrive/CCS/lpmsp430g2553_core/Debug\liblpmsp430g2553_core.a(main.o)
                0x0000c052                main
 *(.fini9)
 .fini9         0x0000c06c        0x0 w:/energia-0101e0017/hardware/tools/msp430/bin/../lib/gcc/msp430/4.6.3\libcrt0.a(__stop_progExec__.o)
                0x0000c06c                __stop_progExec__
 *(.fini8)
 *(.fini7)
 *(.fini6)
 *(.fini5)
 *(.fini4)
 *(.fini3)
 *(.fini2)
 *(.fini1)
 *(.fini0)
 .fini0         0x0000c06c        0x6 w:/energia-0101e0017/hardware/tools/msp430/bin/../lib/gcc/msp430/4.6.3\libcrt0.a(_endless_loop__.o)
                0x0000c06c                _endless_loop__
 *(.fini .fini.*)
                0x0000c072                . = ALIGN (0x2)
                0x0000c072                __ctors_start = .
 *(.ctors)
 .ctors         0x0000c072        0x2 ./RF_light_remote.o
                0x0000c074                __ctors_end = .
                0x0000c074                __dtors_start = .
 *(.dtors)
                0x0000c074                __dtors_end = .
                0x0000c074                . = ALIGN (0x2)
 *(.text .text.* .gnu.linkonce.t.*)
 .text          0x0000c074        0x4 w:/energia-0101e0017/hardware/tools/msp430/bin/../lib/gcc/msp430/4.6.3/crt0ivtbl16.o
                0x0000c074                __isr_14
                0x0000c074                __isr_4
                0x0000c074                __isr_11
                0x0000c074                __isr_5
                0x0000c074                __isr_7
                0x0000c074                __isr_0
                0x0000c074                __isr_8
                0x0000c074                __isr_12
                0x0000c074                __isr_13
                0x0000c074                __isr_9
                0x0000c074                __isr_6
                0x0000c074                __isr_1
 .text._ZN6Enrf245writeEPKvj
                0x0000c078        0x8 ./Enrf24.o
                0x0000c078                Enrf24::write(void const*, unsigned int)
 .text._ZN6Enrf24C2Ehhh
                0x0000c080       0x30 ./Enrf24.o
                0x0000c080                Enrf24::Enrf24(unsigned char, unsigned char, unsigned char)
                0x0000c080                Enrf24::Enrf24(unsigned char, unsigned char, unsigned char)
 .text._ZN6Enrf248_readRegEh
                0x0000c0b0       0x36 ./Enrf24.o
                0x0000c0b0                Enrf24::_readReg(unsigned char)
 .text._ZN6Enrf2416_readRegMultiLSBEhPhj
                0x0000c0e6       0x60 ./Enrf24.o
                0x0000c0e6                Enrf24::_readRegMultiLSB(unsigned char, unsigned char*, unsigned int)
 .text._ZN6Enrf249_writeRegEhh
                0x0000c146       0x3c ./Enrf24.o
                0x0000c146                Enrf24::_writeReg(unsigned char, unsigned char)
 .text._ZN6Enrf2417_writeRegMultiLSBEhPhj
                0x0000c182       0x56 ./Enrf24.o
                0x0000c182                Enrf24::_writeRegMultiLSB(unsigned char, unsigned char*, unsigned int)
 .text._ZN6Enrf249_issueCmdEh
                0x0000c1d8       0x2c ./Enrf24.o
                0x0000c1d8                Enrf24::_issueCmd(unsigned char)
 .text._ZN6Enrf2416_issueCmdPayloadEhPhj
                0x0000c204       0x4c ./Enrf24.o
                0x0000c204                Enrf24::_issueCmdPayload(unsigned char, unsigned char*, unsigned int)
 .text._ZN6Enrf2415_readCmdPayloadEhPhjj
                0x0000c250       0x5c ./Enrf24.o
                0x0000c250                Enrf24::_readCmdPayload(unsigned char, unsigned char*, unsigned int, unsigned int)
 .text._ZN6Enrf248_isAliveEv
                0x0000c2ac       0x22 ./Enrf24.o
                0x0000c2ac                Enrf24::_isAlive()
 .text._ZN6Enrf2414_irq_getreasonEv
                0x0000c2ce       0x18 ./Enrf24.o
                0x0000c2ce                Enrf24::_irq_getreason()
 .text._ZN6Enrf2410_irq_clearEh
                0x0000c2e6       0x10 ./Enrf24.o
                0x0000c2e6                Enrf24::_irq_clear(unsigned char)
 .text._ZN6Enrf2411_readTXaddrEPh
                0x0000c2f6       0x10 ./Enrf24.o
                0x0000c2f6                Enrf24::_readTXaddr(unsigned char*)
 .text._ZN6Enrf2414_writeRXaddrP0EPh
                0x0000c306       0x10 ./Enrf24.o
                0x0000c306                Enrf24::_writeRXaddrP0(unsigned char*)
 .text._ZN6Enrf2416_maintenanceHookEv
                0x0000c316       0xc2 ./Enrf24.o
                0x0000c316                Enrf24::_maintenanceHook()
 .text._ZN6Enrf249deepsleepEv
                0x0000c3d8       0x2c ./Enrf24.o
                0x0000c3d8                Enrf24::deepsleep()
 .text._ZN6Enrf248enableRXEv
                0x0000c404       0x3e ./Enrf24.o
                0x0000c404                Enrf24::enableRX()
 .text._ZN6Enrf245flushEv
                0x0000c442      0x156 ./Enrf24.o
                0x0000c442                Enrf24::flush()
 .text._ZN6Enrf245writeEh
                0x0000c598       0x2e ./Enrf24.o
                0x0000c598                Enrf24::write(unsigned char)
 .text._ZN6Enrf2410setChannelEh
                0x0000c5c6       0x16 ./Enrf24.o
                0x0000c5c6                Enrf24::setChannel(unsigned char)
 .text._ZN6Enrf2410setTXpowerEa
                0x0000c5dc       0x54 ./Enrf24.o
                0x0000c5dc                Enrf24::setTXpower(signed char)
 .text._ZN6Enrf248setSpeedEm
                0x0000c630       0x64 ./Enrf24.o
                0x0000c630                Enrf24::setSpeed(unsigned long)
 .text._ZN6Enrf246setCRCEhh
                0x0000c694       0x3c ./Enrf24.o
                0x0000c694                Enrf24::setCRC(unsigned char, unsigned char)
 .text._ZN6Enrf2416setAutoAckParamsEhj
                0x0000c6d0       0x34 ./Enrf24.o
                0x0000c6d0                Enrf24::setAutoAckParams(unsigned char, unsigned int)
 .text._ZN6Enrf2416setAddressLengthEj
                0x0000c704       0x38 ./Enrf24.o
                0x0000c704                Enrf24::setAddressLength(unsigned int)
 .text._ZN6Enrf245beginEmh
                0x0000c73c      0x160 ./Enrf24.o
                0x0000c73c                Enrf24::begin(unsigned long, unsigned char)
 .text._ZN6Enrf2412setTXaddressEPKv
                0x0000c89c       0x10 ./Enrf24.o
                0x0000c89c                Enrf24::setTXaddress(void const*)
 .text._Z6ps_outv
                0x0000c8ac       0x4c ./RF_light_remote.o
                0x0000c8ac                ps_out()
 .text.setup    0x0000c8f8       0x54 ./RF_light_remote.o
                0x0000c8f8                setup
 .text._Z13power_savingsv
                0x0000c94c       0x1c ./RF_light_remote.o
                0x0000c94c                power_savings()
 .text.loop     0x0000c968       0xa8 ./RF_light_remote.o
                0x0000c968                loop
 .text.startup._GLOBAL__sub_I_radio
                0x0000ca10       0x14 ./RF_light_remote.o
 .text._Z14spi_initializev
                0x0000ca24       0x40 W:/OneDrive/CCS/lpmsp430g2553_SPI/Debug\liblpmsp430g2553_SPI.a(usci_spi.o)
                0x0000ca24                spi_initialize()
 .text._Z8spi_sendh
                0x0000ca64       0x12 W:/OneDrive/CCS/lpmsp430g2553_SPI/Debug\liblpmsp430g2553_SPI.a(usci_spi.o)
                0x0000ca64                spi_send(unsigned char)
 .text._Z16spi_set_bitorderh
                0x0000ca76       0x26 W:/OneDrive/CCS/lpmsp430g2553_SPI/Debug\liblpmsp430g2553_SPI.a(usci_spi.o)
                0x0000ca76                spi_set_bitorder(unsigned char)
 .text._Z16spi_set_datamodeh
                0x0000ca9c       0x4e W:/OneDrive/CCS/lpmsp430g2553_SPI/Debug\liblpmsp430g2553_SPI.a(usci_spi.o)
                0x0000ca9c                spi_set_datamode(unsigned char)
 .text.attachInterrupt
                0x0000caea      0x140 W:/OneDrive/CCS/lpmsp430g2553_core/Debug\liblpmsp430g2553_core.a(WInterrupts.o)
                0x0000caea                attachInterrupt
 .text.Port_1   0x0000cc2a       0xe4 W:/OneDrive/CCS/lpmsp430g2553_core/Debug\liblpmsp430g2553_core.a(WInterrupts.o)
                0x0000cc2a                Port_1
                0x0000cc2a                __isr_2
 .text.Port_2   0x0000cd0e       0xe4 W:/OneDrive/CCS/lpmsp430g2553_core/Debug\liblpmsp430g2553_core.a(WInterrupts.o)
                0x0000cd0e                __isr_3
                0x0000cd0e                Port_2
 .text.enableXtal
                0x0000cdf2       0x42 W:/OneDrive/CCS/lpmsp430g2553_core/Debug\liblpmsp430g2553_core.a(wiring.o)
                0x0000cdf2                enableXtal
 .text.enableWatchDogIntervalMode
                0x0000ce34        0xc W:/OneDrive/CCS/lpmsp430g2553_core/Debug\liblpmsp430g2553_core.a(wiring.o)
                0x0000ce34                enableWatchDogIntervalMode
 .text.initClocks
                0x0000ce40       0x1c W:/OneDrive/CCS/lpmsp430g2553_core/Debug\liblpmsp430g2553_core.a(wiring.o)
                0x0000ce40                initClocks
 .text.init     0x0000ce5c       0x12 W:/OneDrive/CCS/lpmsp430g2553_core/Debug\liblpmsp430g2553_core.a(wiring.o)
                0x0000ce5c                init
 .text.micros   0x0000ce6e       0x24 W:/OneDrive/CCS/lpmsp430g2553_core/Debug\liblpmsp430g2553_core.a(wiring.o)
                0x0000ce6e                micros
 .text.millis   0x0000ce92       0x12 W:/OneDrive/CCS/lpmsp430g2553_core/Debug\liblpmsp430g2553_core.a(wiring.o)
                0x0000ce92                millis
 .text.delayMicroseconds
                0x0000cea4       0x12 W:/OneDrive/CCS/lpmsp430g2553_core/Debug\liblpmsp430g2553_core.a(wiring.o)
                0x0000cea4                delayMicroseconds
 .text.suspend  0x0000ceb6       0x26 W:/OneDrive/CCS/lpmsp430g2553_core/Debug\liblpmsp430g2553_core.a(wiring.o)
                0x0000ceb6                suspend
 .text.delay    0x0000cedc       0x48 W:/OneDrive/CCS/lpmsp430g2553_core/Debug\liblpmsp430g2553_core.a(wiring.o)
                0x0000cedc                delay
 .text.watchdog_isr
                0x0000cf24       0x82 W:/OneDrive/CCS/lpmsp430g2553_core/Debug\liblpmsp430g2553_core.a(wiring.o)
                0x0000cf24                __isr_10
                0x0000cf24                watchdog_isr
 .text.pinMode  0x0000cfa6       0x7a W:/OneDrive/CCS/lpmsp430g2553_core/Debug\liblpmsp430g2553_core.a(wiring_digital.o)
                0x0000cfa6                pinMode
 .text.pinMode_int
                0x0000d020       0xa4 W:/OneDrive/CCS/lpmsp430g2553_core/Debug\liblpmsp430g2553_core.a(wiring_digital.o)
                0x0000d020                pinMode_int
 .text.digitalRead
                0x0000d0c4       0x3e W:/OneDrive/CCS/lpmsp430g2553_core/Debug\liblpmsp430g2553_core.a(wiring_digital.o)
                0x0000d0c4                digitalRead
 .text.digitalWrite
                0x0000d102       0x4a W:/OneDrive/CCS/lpmsp430g2553_core/Debug\liblpmsp430g2553_core.a(wiring_digital.o)
                0x0000d102                digitalWrite
 .text._ZN5Print5writeEPKhj
                0x0000d14c       0x2e W:/OneDrive/CCS/lpmsp430g2553_core/Debug\liblpmsp430g2553_core.a(Print.o)
                0x0000d14c                Print::write(unsigned char const*, unsigned int)
 .text._ZN5Print5printEPKc
                0x0000d17a       0x16 W:/OneDrive/CCS/lpmsp430g2553_core/Debug\liblpmsp430g2553_core.a(Print.o)
                0x0000d17a                Print::print(char const*)
 .text.libgcc   0x0000d190       0x22 w:/energia-0101e0017/hardware/tools/msp430/bin/../lib/gcc/msp430/4.6.3\libgcc.a(_udivmod16.o)
                0x0000d190                __ext_udivmod16
                0x0000d190                __udivhi3
                0x0000d1aa                __umodhi3
 .text.crt0     0x0000d1b2        0x2 w:/energia-0101e0017/hardware/tools/msp430/bin/../lib/gcc/msp430/4.6.3\libcrt0.a(_unexpected_.o)
                0x0000d1b2                _unexpected_
                0x0000d1b4                . = ALIGN (0x2)

.rodata         0x0000d1b4       0x70
                0x0000d1b4                . = ALIGN (0x2)
 *(.rodata .rodata.* .gnu.linkonce.r.*)
 .rodata._ZTV6Enrf24
                0x0000d1b4        0xa ./Enrf24.o
                0x0000d1b4                vtable for Enrf24
 .rodata        0x0000d1be        0x7 ./RF_light_remote.o
 .rodata._ZL6txaddr
                0x0000d1c5        0x5 ./RF_light_remote.o
 .rodata.digital_pin_to_bit_mask
                0x0000d1ca       0x15 W:/OneDrive/CCS/lpmsp430g2553_core/Debug\liblpmsp430g2553_core.a(wiring_digital.o)
                0x0000d1ca                digital_pin_to_bit_mask
 .rodata.digital_pin_to_port
                0x0000d1df       0x15 W:/OneDrive/CCS/lpmsp430g2553_core/Debug\liblpmsp430g2553_core.a(wiring_digital.o)
                0x0000d1df                digital_pin_to_port
 .rodata.port_to_sel2
                0x0000d1f4        0x8 W:/OneDrive/CCS/lpmsp430g2553_core/Debug\liblpmsp430g2553_core.a(wiring_digital.o)
                0x0000d1f4                port_to_sel2
 .rodata.port_to_sel0
                0x0000d1fc        0x8 W:/OneDrive/CCS/lpmsp430g2553_core/Debug\liblpmsp430g2553_core.a(wiring_digital.o)
                0x0000d1fc                port_to_sel0
 .rodata.port_to_ren
                0x0000d204        0x8 W:/OneDrive/CCS/lpmsp430g2553_core/Debug\liblpmsp430g2553_core.a(wiring_digital.o)
                0x0000d204                port_to_ren
 .rodata.port_to_dir
                0x0000d20c        0x8 W:/OneDrive/CCS/lpmsp430g2553_core/Debug\liblpmsp430g2553_core.a(wiring_digital.o)
                0x0000d20c                port_to_dir
 .rodata.port_to_output
                0x0000d214        0x8 W:/OneDrive/CCS/lpmsp430g2553_core/Debug\liblpmsp430g2553_core.a(wiring_digital.o)
                0x0000d214                port_to_output
 .rodata.port_to_input
                0x0000d21c        0x8 W:/OneDrive/CCS/lpmsp430g2553_core/Debug\liblpmsp430g2553_core.a(wiring_digital.o)
                0x0000d21c                port_to_input
                0x0000d224                . = ALIGN (0x2)
                0x0000d224                _etext = .

.data           0x00000200        0x2 load address 0x0000d224
                0x00000200                . = ALIGN (0x2)
                0x00000200                PROVIDE (__data_start, .)
 *(.data .data.* .gnu.linkonce.d.*)
 .data.str_change
                0x00000200        0x2 ./RF_light_remote.o
                0x00000200                str_change
                0x00000202                . = ALIGN (0x2)
                0x00000202                _edata = .
                0x0000d224                PROVIDE (__data_load_start, LOADADDR (.data))
                0x00000002                PROVIDE (__data_size, SIZEOF (.data))

.bss            0x00000202       0x72 load address 0x0000d226
                0x00000202                PROVIDE (__bss_start, .)
 *(.bss .bss.*)
 .bss.work_time
                0x00000202        0x4 ./RF_light_remote.o
                0x00000202                work_time
 .bss.msp_ps    0x00000206        0x2 ./RF_light_remote.o
                0x00000206                msp_ps
 .bss.button_now_pressed
                0x00000208        0x2 ./RF_light_remote.o
                0x00000208                button_now_pressed
 .bss.push_flag
                0x0000020a        0x2 ./RF_light_remote.o
                0x0000020a                push_flag
 .bss.radio     0x0000020c       0x30 ./RF_light_remote.o
                0x0000020c                radio
 .bss.SPI       0x0000023c        0x2 W:/OneDrive/CCS/lpmsp430g2553_SPI/Debug\liblpmsp430g2553_SPI.a(SPI.o)
                0x0000023c                SPI
 .bss.intChangeVectP2
                0x0000023e        0x1 W:/OneDrive/CCS/lpmsp430g2553_core/Debug\liblpmsp430g2553_core.a(WInterrupts.o)
 *fill*         0x0000023f        0x1 00
 .bss.intFuncP2
                0x00000240       0x10 W:/OneDrive/CCS/lpmsp430g2553_core/Debug\liblpmsp430g2553_core.a(WInterrupts.o)
 .bss.intChangeVectP1
                0x00000250        0x1 W:/OneDrive/CCS/lpmsp430g2553_core/Debug\liblpmsp430g2553_core.a(WInterrupts.o)
 *fill*         0x00000251        0x1 00
 .bss.intFuncP1
                0x00000252       0x10 W:/OneDrive/CCS/lpmsp430g2553_core/Debug\liblpmsp430g2553_core.a(WInterrupts.o)
 .bss.vlo_freq  0x00000262        0x2 W:/OneDrive/CCS/lpmsp430g2553_core/Debug\liblpmsp430g2553_core.a(wiring.o)
                0x00000262                vlo_freq
 .bss.stay_asleep
                0x00000264        0x1 W:/OneDrive/CCS/lpmsp430g2553_core/Debug\liblpmsp430g2553_core.a(wiring.o)
                0x00000264                stay_asleep
 .bss.sleeping  0x00000265        0x1 W:/OneDrive/CCS/lpmsp430g2553_core/Debug\liblpmsp430g2553_core.a(wiring.o)
                0x00000265                sleeping
 .bss.wdt_fract
                0x00000266        0x2 W:/OneDrive/CCS/lpmsp430g2553_core/Debug\liblpmsp430g2553_core.a(wiring.o)
                0x00000266                wdt_fract
 .bss.wdt_millis
                0x00000268        0x4 W:/OneDrive/CCS/lpmsp430g2553_core/Debug\liblpmsp430g2553_core.a(wiring.o)
                0x00000268                wdt_millis
 .bss.wdt_overflow_count
                0x0000026c        0x4 W:/OneDrive/CCS/lpmsp430g2553_core/Debug\liblpmsp430g2553_core.a(wiring.o)
                0x0000026c                wdt_overflow_count
 *(COMMON)
 COMMON         0x00000270        0x4 W:/OneDrive/CCS/lpmsp430g2553_core/Debug\liblpmsp430g2553_core.a(wiring.o)
                0x00000270                SMILLIS_INC
                0x00000272                SFRACT_INC
                0x00000274                . = ALIGN (0x2)
                0x00000274                PROVIDE (__bss_end, .)
                0x00000072                PROVIDE (__bss_size, SIZEOF (.bss))

.noinit         0x00000274        0x2 load address 0x0000d226
                0x00000274                PROVIDE (__noinit_start, .)
 *(.noinit .noinit.*)
 .noinit.crt0   0x00000274        0x2 w:/energia-0101e0017/hardware/tools/msp430/bin/../lib/gcc/msp430/4.6.3\libcrt0.a(__watchdog_support.o)
                0x00000274                __wdt_clear_value
                0x00000276                . = ALIGN (0x2)
                0x00000276                PROVIDE (__noinit_end, .)
                0x00000276                . = ALIGN (0x2)
                0x00000276                _end = .

.infomem        0x00001000        0x0
 *(.infomem)
                0x00001000                . = ALIGN (0x2)
 *(.infomem.*)

.infomemnobits  0x00001000        0x0
 *(.infomemnobits)
                0x00001000                . = ALIGN (0x2)
 *(.infomemnobits.*)

.infoa
 *(.infoa .infoa.*)

.infob
 *(.infob .infob.*)

.infoc
 *(.infoc .infoc.*)

.infod
 *(.infod .infod.*)

.vectors        0x0000ffe0       0x20
                0x0000ffe0                PROVIDE (__vectors_start, .)
 *(.vectors*)
 .vectors       0x0000ffe0       0x20 w:/energia-0101e0017/hardware/tools/msp430/bin/../lib/gcc/msp430/4.6.3/crt0ivtbl16.o
                0x0000ffe0                __ivtbl_16
                0x00010000                _vectors_end = .

.fartext        0x00000000        0x0
                0x00000000                . = ALIGN (0x2)
 *(.fartext)
                0x00000000                . = ALIGN (0x2)
 *(.fartext.*)
                0x00000000                _efartext = .

.profiler
 *(.profiler)

.stab
 *(.stab)

.stabstr
 *(.stabstr)

.stab.excl
 *(.stab.excl)

.stab.exclstr
 *(.stab.exclstr)

.stab.index
 *(.stab.index)

.stab.indexstr
 *(.stab.indexstr)

.comment
 *(.comment)

.debug
 *(.debug)

.line
 *(.line)

.debug_srcinfo
 *(.debug_srcinfo)

.debug_sfnames
 *(.debug_sfnames)

.debug_aranges  0x00000000      0x760
 *(.debug_aranges)
 .debug_aranges
                0x00000000       0xbc ./Enrf24.o
 .debug_aranges
                0x000000bc       0x24 ./RF_light_remote.o
 .debug_aranges
                0x000000e0       0x28 W:/OneDrive/CCS/lpmsp430g2553_SPI/Debug\liblpmsp430g2553_SPI.a(usci_spi.o)
 .debug_aranges
                0x00000108       0x20 W:/OneDrive/CCS/lpmsp430g2553_core/Debug\liblpmsp430g2553_core.a(WInterrupts.o)
 .debug_aranges
                0x00000128       0x48 W:/OneDrive/CCS/lpmsp430g2553_core/Debug\liblpmsp430g2553_core.a(wiring.o)
 .debug_aranges
                0x00000170       0x20 W:/OneDrive/CCS/lpmsp430g2553_core/Debug\liblpmsp430g2553_core.a(wiring_digital.o)
 .debug_aranges
                0x00000190       0x14 W:/OneDrive/CCS/lpmsp430g2553_core/Debug\liblpmsp430g2553_core.a(main.o)
 .debug_aranges
                0x000001a4       0x70 W:/OneDrive/CCS/lpmsp430g2553_core/Debug\liblpmsp430g2553_core.a(Print.o)
 .debug_aranges
                0x00000214      0x144 W:/OneDrive/CCS/lpmsp430g2553_core/Debug\liblpmsp430g2553_core.a(WString.o)
 .debug_aranges
                0x00000358       0x14 W:/OneDrive/CCS/lpmsp430g2553_core/Debug\liblpmsp430g2553_core.a(atof.o)
 .debug_aranges
                0x0000036c       0x14 W:/OneDrive/CCS/lpmsp430g2553_core/Debug\liblpmsp430g2553_core.a(dtostrf.o)
 .debug_aranges
                0x00000380       0x20 W:/OneDrive/CCS/lpmsp430g2553_core/Debug\liblpmsp430g2553_core.a(itoa.o)
 .debug_aranges
                0x000003a0       0x28 W:/OneDrive/CCS/lpmsp430g2553_core/Debug\liblpmsp430g2553_core.a(new.o)
 .debug_aranges
                0x000003c8       0x14 w:/energia-0101e0017/hardware/tools/msp430/bin/../lib/gcc/msp430/4.6.3/../../../../msp430/lib\libm.a(ef_pow.o)
 .debug_aranges
                0x000003dc       0x14 w:/energia-0101e0017/hardware/tools/msp430/bin/../lib/gcc/msp430/4.6.3/../../../../msp430/lib\libm.a(sf_scalbn.o)
 .debug_aranges
                0x000003f0       0x14 w:/energia-0101e0017/hardware/tools/msp430/bin/../lib/gcc/msp430/4.6.3/../../../../msp430/lib\libm.a(ef_sqrt.o)
 .debug_aranges
                0x00000404       0x14 w:/energia-0101e0017/hardware/tools/msp430/bin/../lib/gcc/msp430/4.6.3\libgcc.a(_mulqi3.o)
 .debug_aranges
                0x00000418       0x14 w:/energia-0101e0017/hardware/tools/msp430/bin/../lib/gcc/msp430/4.6.3\libgcc.a(_mulhi3.o)
 .debug_aranges
                0x0000042c       0x14 w:/energia-0101e0017/hardware/tools/msp430/bin/../lib/gcc/msp430/4.6.3\libgcc.a(_mulsi3.o)
 .debug_aranges
                0x00000440       0x14 w:/energia-0101e0017/hardware/tools/msp430/bin/../lib/gcc/msp430/4.6.3\libgcc.a(_udivmod16.o)
 .debug_aranges
                0x00000454       0x14 w:/energia-0101e0017/hardware/tools/msp430/bin/../lib/gcc/msp430/4.6.3\libgcc.a(_udivmod32.o)
 .debug_aranges
                0x00000468       0x14 w:/energia-0101e0017/hardware/tools/msp430/bin/../lib/gcc/msp430/4.6.3\libgcc.a(_fixunssfsi.o)
 .debug_aranges
                0x0000047c       0x14 w:/energia-0101e0017/hardware/tools/msp430/bin/../lib/gcc/msp430/4.6.3\libgcc.a(_addsub_sf.o)
 .debug_aranges
                0x00000490       0x14 w:/energia-0101e0017/hardware/tools/msp430/bin/../lib/gcc/msp430/4.6.3\libgcc.a(_mul_sf.o)
 .debug_aranges
                0x000004a4       0x14 w:/energia-0101e0017/hardware/tools/msp430/bin/../lib/gcc/msp430/4.6.3\libgcc.a(_div_sf.o)
 .debug_aranges
                0x000004b8       0x14 w:/energia-0101e0017/hardware/tools/msp430/bin/../lib/gcc/msp430/4.6.3\libgcc.a(_gt_sf.o)
 .debug_aranges
                0x000004cc       0x14 w:/energia-0101e0017/hardware/tools/msp430/bin/../lib/gcc/msp430/4.6.3\libgcc.a(_ge_sf.o)
 .debug_aranges
                0x000004e0       0x14 w:/energia-0101e0017/hardware/tools/msp430/bin/../lib/gcc/msp430/4.6.3\libgcc.a(_lt_sf.o)
 .debug_aranges
                0x000004f4       0x14 w:/energia-0101e0017/hardware/tools/msp430/bin/../lib/gcc/msp430/4.6.3\libgcc.a(_le_sf.o)
 .debug_aranges
                0x00000508       0x14 w:/energia-0101e0017/hardware/tools/msp430/bin/../lib/gcc/msp430/4.6.3\libgcc.a(_si_to_sf.o)
 .debug_aranges
                0x0000051c       0x14 w:/energia-0101e0017/hardware/tools/msp430/bin/../lib/gcc/msp430/4.6.3\libgcc.a(_sf_to_si.o)
 .debug_aranges
                0x00000530       0x14 w:/energia-0101e0017/hardware/tools/msp430/bin/../lib/gcc/msp430/4.6.3\libgcc.a(_usi_to_sf.o)
 .debug_aranges
                0x00000544       0x14 w:/energia-0101e0017/hardware/tools/msp430/bin/../lib/gcc/msp430/4.6.3\libgcc.a(_clzsi2.o)
 .debug_aranges
                0x00000558       0x14 w:/energia-0101e0017/hardware/tools/msp430/bin/../lib/gcc/msp430/4.6.3\libgcc.a(_pack_sf.o)
 .debug_aranges
                0x0000056c       0x14 w:/energia-0101e0017/hardware/tools/msp430/bin/../lib/gcc/msp430/4.6.3\libgcc.a(_unpack_sf.o)
 .debug_aranges
                0x00000580       0x14 w:/energia-0101e0017/hardware/tools/msp430/bin/../lib/gcc/msp430/4.6.3\libgcc.a(_fpcmp_parts_sf.o)
 .debug_aranges
                0x00000594       0x14 w:/energia-0101e0017/hardware/tools/msp430/bin/../lib/gcc/msp430/4.6.3/../../../../msp430/lib\libc.a(strchr.o)
 .debug_aranges
                0x000005a8       0x14 w:/energia-0101e0017/hardware/tools/msp430/bin/../lib/gcc/msp430/4.6.3/../../../../msp430/lib\libc.a(strcmp.o)
 .debug_aranges
                0x000005bc       0x14 w:/energia-0101e0017/hardware/tools/msp430/bin/../lib/gcc/msp430/4.6.3/../../../../msp430/lib\libc.a(strncmp.o)
 .debug_aranges
                0x000005d0       0x14 w:/energia-0101e0017/hardware/tools/msp430/bin/../lib/gcc/msp430/4.6.3/../../../../msp430/lib\libc.a(strcpy.o)
 .debug_aranges
                0x000005e4       0x14 w:/energia-0101e0017/hardware/tools/msp430/bin/../lib/gcc/msp430/4.6.3/../../../../msp430/lib\libc.a(strncpy.o)
 .debug_aranges
                0x000005f8       0x14 w:/energia-0101e0017/hardware/tools/msp430/bin/../lib/gcc/msp430/4.6.3/../../../../msp430/lib\libc.a(memcpy.o)
 .debug_aranges
                0x0000060c       0x14 w:/energia-0101e0017/hardware/tools/msp430/bin/../lib/gcc/msp430/4.6.3/../../../../msp430/lib\libc.a(memmove.o)
 .debug_aranges
                0x00000620       0x14 w:/energia-0101e0017/hardware/tools/msp430/bin/../lib/gcc/msp430/4.6.3/../../../../msp430/lib\libc.a(strrchr.o)
 .debug_aranges
                0x00000634       0x14 w:/energia-0101e0017/hardware/tools/msp430/bin/../lib/gcc/msp430/4.6.3/../../../../msp430/lib\libc.a(strstr.o)
 .debug_aranges
                0x00000648       0x14 w:/energia-0101e0017/hardware/tools/msp430/bin/../lib/gcc/msp430/4.6.3/../../../../msp430/lib\libc.a(atol.o)
 .debug_aranges
                0x0000065c       0x14 w:/energia-0101e0017/hardware/tools/msp430/bin/../lib/gcc/msp430/4.6.3/../../../../msp430/lib\libc.a(malloc.o)
 .debug_aranges
                0x00000670       0x14 w:/energia-0101e0017/hardware/tools/msp430/bin/../lib/gcc/msp430/4.6.3/../../../../msp430/lib\libc.a(strtol.o)
 .debug_aranges
                0x00000684       0x14 w:/energia-0101e0017/hardware/tools/msp430/bin/../lib/gcc/msp430/4.6.3/../../../../msp430/lib\libc.a(sprintf.o)
 .debug_aranges
                0x00000698       0x14 w:/energia-0101e0017/hardware/tools/msp430/bin/../lib/gcc/msp430/4.6.3/../../../../msp430/lib\libc.a(vuprintf.o)
 .debug_aranges
                0x000006ac       0x14 w:/energia-0101e0017/hardware/tools/msp430/bin/../lib/gcc/msp430/4.6.3\libgcc.a(_divmod32.o)
 .debug_aranges
                0x000006c0       0x14 w:/energia-0101e0017/hardware/tools/msp430/bin/../lib/gcc/msp430/4.6.3\libgcc.a(_udivmod64.o)
 .debug_aranges
                0x000006d4       0x14 w:/energia-0101e0017/hardware/tools/msp430/bin/../lib/gcc/msp430/4.6.3\libcrt0.a(__watchdog_support.o)
 .debug_aranges
                0x000006e8       0x14 w:/energia-0101e0017/hardware/tools/msp430/bin/../lib/gcc/msp430/4.6.3\libcrt0.a(__init_stack.o)
 .debug_aranges
                0x000006fc       0x14 w:/energia-0101e0017/hardware/tools/msp430/bin/../lib/gcc/msp430/4.6.3\libcrt0.a(_copy_data.o)
 .debug_aranges
                0x00000710       0x14 w:/energia-0101e0017/hardware/tools/msp430/bin/../lib/gcc/msp430/4.6.3\libcrt0.a(_clear_bss.o)
 .debug_aranges
                0x00000724       0x14 w:/energia-0101e0017/hardware/tools/msp430/bin/../lib/gcc/msp430/4.6.3\libcrt0.a(_endless_loop__.o)
 .debug_aranges
                0x00000738       0x14 w:/energia-0101e0017/hardware/tools/msp430/bin/../lib/gcc/msp430/4.6.3\libcrt0.a(_unexpected_.o)
 .debug_aranges
                0x0000074c       0x14 w:/energia-0101e0017/hardware/tools/msp430/bin/../lib/gcc/msp430/4.6.3\libcrt0.a(_ctors430.o)

.debug_pubnames
 *(.debug_pubnames)

.debug_info     0x00000000     0xc92f
 *(.debug_info)
 .debug_info    0x00000000     0x1644 ./Enrf24.o
 .debug_info    0x00001644      0x4f8 ./RF_light_remote.o
 .debug_info    0x00001b3c      0x312 W:/OneDrive/CCS/lpmsp430g2553_SPI/Debug\liblpmsp430g2553_SPI.a(SPI.o)
 .debug_info    0x00001e4e      0x3bf W:/OneDrive/CCS/lpmsp430g2553_SPI/Debug\liblpmsp430g2553_SPI.a(usci_spi.o)
 .debug_info    0x0000220d      0x4b5 W:/OneDrive/CCS/lpmsp430g2553_core/Debug\liblpmsp430g2553_core.a(WInterrupts.o)
 .debug_info    0x000026c2      0x601 W:/OneDrive/CCS/lpmsp430g2553_core/Debug\liblpmsp430g2553_core.a(wiring.o)
 .debug_info    0x00002cc3      0x767 W:/OneDrive/CCS/lpmsp430g2553_core/Debug\liblpmsp430g2553_core.a(wiring_digital.o)
 .debug_info    0x0000342a      0x274 W:/OneDrive/CCS/lpmsp430g2553_core/Debug\liblpmsp430g2553_core.a(main.o)
 .debug_info    0x0000369e     0x1b9a W:/OneDrive/CCS/lpmsp430g2553_core/Debug\liblpmsp430g2553_core.a(Print.o)
 .debug_info    0x00005238     0x2767 W:/OneDrive/CCS/lpmsp430g2553_core/Debug\liblpmsp430g2553_core.a(WString.o)
 .debug_info    0x0000799f       0xd6 W:/OneDrive/CCS/lpmsp430g2553_core/Debug\liblpmsp430g2553_core.a(atof.o)
 .debug_info    0x00007a75      0x14b W:/OneDrive/CCS/lpmsp430g2553_core/Debug\liblpmsp430g2553_core.a(dtostrf.o)
 .debug_info    0x00007bc0      0x224 W:/OneDrive/CCS/lpmsp430g2553_core/Debug\liblpmsp430g2553_core.a(itoa.o)
 .debug_info    0x00007de4      0x142 W:/OneDrive/CCS/lpmsp430g2553_core/Debug\liblpmsp430g2553_core.a(new.o)
 .debug_info    0x00007f26      0x5ea w:/energia-0101e0017/hardware/tools/msp430/bin/../lib/gcc/msp430/4.6.3/../../../../msp430/lib\libm.a(ef_pow.o)
 .debug_info    0x00008510      0x1e4 w:/energia-0101e0017/hardware/tools/msp430/bin/../lib/gcc/msp430/4.6.3/../../../../msp430/lib\libm.a(sf_scalbn.o)
 .debug_info    0x000086f4      0x208 w:/energia-0101e0017/hardware/tools/msp430/bin/../lib/gcc/msp430/4.6.3/../../../../msp430/lib\libm.a(ef_sqrt.o)
 .debug_info    0x000088fc       0x8d w:/energia-0101e0017/hardware/tools/msp430/bin/../lib/gcc/msp430/4.6.3\libgcc.a(_mulqi3.o)
 .debug_info    0x00008989       0x8d w:/energia-0101e0017/hardware/tools/msp430/bin/../lib/gcc/msp430/4.6.3\libgcc.a(_mulhi3.o)
 .debug_info    0x00008a16       0x8d w:/energia-0101e0017/hardware/tools/msp430/bin/../lib/gcc/msp430/4.6.3\libgcc.a(_mulsi3.o)
 .debug_info    0x00008aa3       0x8d w:/energia-0101e0017/hardware/tools/msp430/bin/../lib/gcc/msp430/4.6.3\libgcc.a(_udivmod16.o)
 .debug_info    0x00008b30       0x8d w:/energia-0101e0017/hardware/tools/msp430/bin/../lib/gcc/msp430/4.6.3\libgcc.a(_udivmod32.o)
 .debug_info    0x00008bbd       0xb5 w:/energia-0101e0017/hardware/tools/msp430/bin/../lib/gcc/msp430/4.6.3\libgcc.a(_fixunssfsi.o)
 .debug_info    0x00008c72      0x425 w:/energia-0101e0017/hardware/tools/msp430/bin/../lib/gcc/msp430/4.6.3\libgcc.a(_addsub_sf.o)
 .debug_info    0x00009097      0x3c9 w:/energia-0101e0017/hardware/tools/msp430/bin/../lib/gcc/msp430/4.6.3\libgcc.a(_mul_sf.o)
 .debug_info    0x00009460      0x35c w:/energia-0101e0017/hardware/tools/msp430/bin/../lib/gcc/msp430/4.6.3\libgcc.a(_div_sf.o)
 .debug_info    0x000097bc      0x26e w:/energia-0101e0017/hardware/tools/msp430/bin/../lib/gcc/msp430/4.6.3\libgcc.a(_gt_sf.o)
 .debug_info    0x00009a2a      0x26e w:/energia-0101e0017/hardware/tools/msp430/bin/../lib/gcc/msp430/4.6.3\libgcc.a(_ge_sf.o)
 .debug_info    0x00009c98      0x26e w:/energia-0101e0017/hardware/tools/msp430/bin/../lib/gcc/msp430/4.6.3\libgcc.a(_lt_sf.o)
 .debug_info    0x00009f06      0x26e w:/energia-0101e0017/hardware/tools/msp430/bin/../lib/gcc/msp430/4.6.3\libgcc.a(_le_sf.o)
 .debug_info    0x0000a174      0x20b w:/energia-0101e0017/hardware/tools/msp430/bin/../lib/gcc/msp430/4.6.3\libgcc.a(_si_to_sf.o)
 .debug_info    0x0000a37f      0x289 w:/energia-0101e0017/hardware/tools/msp430/bin/../lib/gcc/msp430/4.6.3\libgcc.a(_sf_to_si.o)
 .debug_info    0x0000a608      0x144 w:/energia-0101e0017/hardware/tools/msp430/bin/../lib/gcc/msp430/4.6.3\libgcc.a(_thenan_sf.o)
 .debug_info    0x0000a74c      0x204 w:/energia-0101e0017/hardware/tools/msp430/bin/../lib/gcc/msp430/4.6.3\libgcc.a(_usi_to_sf.o)
 .debug_info    0x0000a950      0x109 w:/energia-0101e0017/hardware/tools/msp430/bin/../lib/gcc/msp430/4.6.3\libgcc.a(_clzsi2.o)
 .debug_info    0x0000aa59      0x2b1 w:/energia-0101e0017/hardware/tools/msp430/bin/../lib/gcc/msp430/4.6.3\libgcc.a(_pack_sf.o)
 .debug_info    0x0000ad0a      0x23e w:/energia-0101e0017/hardware/tools/msp430/bin/../lib/gcc/msp430/4.6.3\libgcc.a(_unpack_sf.o)
 .debug_info    0x0000af48      0x1d5 w:/energia-0101e0017/hardware/tools/msp430/bin/../lib/gcc/msp430/4.6.3\libgcc.a(_fpcmp_parts_sf.o)
 .debug_info    0x0000b11d       0xa0 w:/energia-0101e0017/hardware/tools/msp430/bin/../lib/gcc/msp430/4.6.3\libgcc.a(_clz.o)
 .debug_info    0x0000b1bd       0xa7 w:/energia-0101e0017/hardware/tools/msp430/bin/../lib/gcc/msp430/4.6.3/../../../../msp430/lib\libc.a(strchr.o)
 .debug_info    0x0000b264       0xa4 w:/energia-0101e0017/hardware/tools/msp430/bin/../lib/gcc/msp430/4.6.3/../../../../msp430/lib\libc.a(strcmp.o)
 .debug_info    0x0000b308       0xbb w:/energia-0101e0017/hardware/tools/msp430/bin/../lib/gcc/msp430/4.6.3/../../../../msp430/lib\libc.a(strncmp.o)
 .debug_info    0x0000b3c3       0xb6 w:/energia-0101e0017/hardware/tools/msp430/bin/../lib/gcc/msp430/4.6.3/../../../../msp430/lib\libc.a(strcpy.o)
 .debug_info    0x0000b479       0xe1 w:/energia-0101e0017/hardware/tools/msp430/bin/../lib/gcc/msp430/4.6.3/../../../../msp430/lib\libc.a(strncpy.o)
 .debug_info    0x0000b55a      0x113 w:/energia-0101e0017/hardware/tools/msp430/bin/../lib/gcc/msp430/4.6.3/../../../../msp430/lib\libc.a(memcpy.o)
 .debug_info    0x0000b66d      0x113 w:/energia-0101e0017/hardware/tools/msp430/bin/../lib/gcc/msp430/4.6.3/../../../../msp430/lib\libc.a(memmove.o)
 .debug_info    0x0000b780       0xb7 w:/energia-0101e0017/hardware/tools/msp430/bin/../lib/gcc/msp430/4.6.3/../../../../msp430/lib\libc.a(strrchr.o)
 .debug_info    0x0000b837       0xe0 w:/energia-0101e0017/hardware/tools/msp430/bin/../lib/gcc/msp430/4.6.3/../../../../msp430/lib\libc.a(strstr.o)
 .debug_info    0x0000b917       0x95 w:/energia-0101e0017/hardware/tools/msp430/bin/../lib/gcc/msp430/4.6.3/../../../../msp430/lib\libc.a(atol.o)
 .debug_info    0x0000b9ac      0x151 w:/energia-0101e0017/hardware/tools/msp430/bin/../lib/gcc/msp430/4.6.3/../../../../msp430/lib\libc.a(malloc.o)
 .debug_info    0x0000bafd      0x1d7 w:/energia-0101e0017/hardware/tools/msp430/bin/../lib/gcc/msp430/4.6.3/../../../../msp430/lib\libc.a(strtol.o)
 .debug_info    0x0000bcd4      0x277 w:/energia-0101e0017/hardware/tools/msp430/bin/../lib/gcc/msp430/4.6.3/../../../../msp430/lib\libc.a(sprintf.o)
 .debug_info    0x0000bf4b      0x565 w:/energia-0101e0017/hardware/tools/msp430/bin/../lib/gcc/msp430/4.6.3/../../../../msp430/lib\libc.a(vuprintf.o)
 .debug_info    0x0000c4b0       0x39 w:/energia-0101e0017/hardware/tools/msp430/bin/../lib/gcc/msp430/4.6.3/../../../../msp430/lib\libc.a(errno.o)
 .debug_info    0x0000c4e9       0x8d w:/energia-0101e0017/hardware/tools/msp430/bin/../lib/gcc/msp430/4.6.3\libgcc.a(_divmod32.o)
 .debug_info    0x0000c576       0x8d w:/energia-0101e0017/hardware/tools/msp430/bin/../lib/gcc/msp430/4.6.3\libgcc.a(_udivmod64.o)
 .debug_info    0x0000c603       0x74 w:/energia-0101e0017/hardware/tools/msp430/bin/../lib/gcc/msp430/4.6.3\libcrt0.a(__watchdog_support.o)
 .debug_info    0x0000c677       0x74 w:/energia-0101e0017/hardware/tools/msp430/bin/../lib/gcc/msp430/4.6.3\libcrt0.a(__init_stack.o)
 .debug_info    0x0000c6eb       0x74 w:/energia-0101e0017/hardware/tools/msp430/bin/../lib/gcc/msp430/4.6.3\libcrt0.a(_copy_data.o)
 .debug_info    0x0000c75f       0x74 w:/energia-0101e0017/hardware/tools/msp430/bin/../lib/gcc/msp430/4.6.3\libcrt0.a(_clear_bss.o)
 .debug_info    0x0000c7d3       0x74 w:/energia-0101e0017/hardware/tools/msp430/bin/../lib/gcc/msp430/4.6.3\libcrt0.a(_endless_loop__.o)
 .debug_info    0x0000c847       0x74 w:/energia-0101e0017/hardware/tools/msp430/bin/../lib/gcc/msp430/4.6.3\libcrt0.a(_unexpected_.o)
 .debug_info    0x0000c8bb       0x74 w:/energia-0101e0017/hardware/tools/msp430/bin/../lib/gcc/msp430/4.6.3\libcrt0.a(_ctors430.o)
 *(.gnu.linkonce.wi.*)

.debug_abbrev   0x00000000     0x3acd
 *(.debug_abbrev)
 .debug_abbrev  0x00000000      0x414 ./Enrf24.o
 .debug_abbrev  0x00000414      0x226 ./RF_light_remote.o
 .debug_abbrev  0x0000063a       0xef W:/OneDrive/CCS/lpmsp430g2553_SPI/Debug\liblpmsp430g2553_SPI.a(SPI.o)
 .debug_abbrev  0x00000729       0xec W:/OneDrive/CCS/lpmsp430g2553_SPI/Debug\liblpmsp430g2553_SPI.a(usci_spi.o)
 .debug_abbrev  0x00000815      0x167 W:/OneDrive/CCS/lpmsp430g2553_core/Debug\liblpmsp430g2553_core.a(WInterrupts.o)
 .debug_abbrev  0x0000097c      0x22e W:/OneDrive/CCS/lpmsp430g2553_core/Debug\liblpmsp430g2553_core.a(wiring.o)
 .debug_abbrev  0x00000baa      0x15b W:/OneDrive/CCS/lpmsp430g2553_core/Debug\liblpmsp430g2553_core.a(wiring_digital.o)
 .debug_abbrev  0x00000d05       0x8f W:/OneDrive/CCS/lpmsp430g2553_core/Debug\liblpmsp430g2553_core.a(main.o)
 .debug_abbrev  0x00000d94      0x32d W:/OneDrive/CCS/lpmsp430g2553_core/Debug\liblpmsp430g2553_core.a(Print.o)
 .debug_abbrev  0x000010c1      0x365 W:/OneDrive/CCS/lpmsp430g2553_core/Debug\liblpmsp430g2553_core.a(WString.o)
 .debug_abbrev  0x00001426       0x83 W:/OneDrive/CCS/lpmsp430g2553_core/Debug\liblpmsp430g2553_core.a(atof.o)
 .debug_abbrev  0x000014a9       0xe9 W:/OneDrive/CCS/lpmsp430g2553_core/Debug\liblpmsp430g2553_core.a(dtostrf.o)
 .debug_abbrev  0x00001592       0xad W:/OneDrive/CCS/lpmsp430g2553_core/Debug\liblpmsp430g2553_core.a(itoa.o)
 .debug_abbrev  0x0000163f       0xec W:/OneDrive/CCS/lpmsp430g2553_core/Debug\liblpmsp430g2553_core.a(new.o)
 .debug_abbrev  0x0000172b      0x140 w:/energia-0101e0017/hardware/tools/msp430/bin/../lib/gcc/msp430/4.6.3/../../../../msp430/lib\libm.a(ef_pow.o)
 .debug_abbrev  0x0000186b       0xf4 w:/energia-0101e0017/hardware/tools/msp430/bin/../lib/gcc/msp430/4.6.3/../../../../msp430/lib\libm.a(sf_scalbn.o)
 .debug_abbrev  0x0000195f      0x14a w:/energia-0101e0017/hardware/tools/msp430/bin/../lib/gcc/msp430/4.6.3/../../../../msp430/lib\libm.a(ef_sqrt.o)
 .debug_abbrev  0x00001aa9       0x14 w:/energia-0101e0017/hardware/tools/msp430/bin/../lib/gcc/msp430/4.6.3\libgcc.a(_mulqi3.o)
 .debug_abbrev  0x00001abd       0x14 w:/energia-0101e0017/hardware/tools/msp430/bin/../lib/gcc/msp430/4.6.3\libgcc.a(_mulhi3.o)
 .debug_abbrev  0x00001ad1       0x14 w:/energia-0101e0017/hardware/tools/msp430/bin/../lib/gcc/msp430/4.6.3\libgcc.a(_mulsi3.o)
 .debug_abbrev  0x00001ae5       0x14 w:/energia-0101e0017/hardware/tools/msp430/bin/../lib/gcc/msp430/4.6.3\libgcc.a(_udivmod16.o)
 .debug_abbrev  0x00001af9       0x14 w:/energia-0101e0017/hardware/tools/msp430/bin/../lib/gcc/msp430/4.6.3\libgcc.a(_udivmod32.o)
 .debug_abbrev  0x00001b0d       0x5d w:/energia-0101e0017/hardware/tools/msp430/bin/../lib/gcc/msp430/4.6.3\libgcc.a(_fixunssfsi.o)
 .debug_abbrev  0x00001b6a      0x1ab w:/energia-0101e0017/hardware/tools/msp430/bin/../lib/gcc/msp430/4.6.3\libgcc.a(_addsub_sf.o)
 .debug_abbrev  0x00001d15      0x1d9 w:/energia-0101e0017/hardware/tools/msp430/bin/../lib/gcc/msp430/4.6.3\libgcc.a(_mul_sf.o)
 .debug_abbrev  0x00001eee      0x1c4 w:/energia-0101e0017/hardware/tools/msp430/bin/../lib/gcc/msp430/4.6.3\libgcc.a(_div_sf.o)
 .debug_abbrev  0x000020b2      0x151 w:/energia-0101e0017/hardware/tools/msp430/bin/../lib/gcc/msp430/4.6.3\libgcc.a(_gt_sf.o)
 .debug_abbrev  0x00002203      0x151 w:/energia-0101e0017/hardware/tools/msp430/bin/../lib/gcc/msp430/4.6.3\libgcc.a(_ge_sf.o)
 .debug_abbrev  0x00002354      0x151 w:/energia-0101e0017/hardware/tools/msp430/bin/../lib/gcc/msp430/4.6.3\libgcc.a(_lt_sf.o)
 .debug_abbrev  0x000024a5      0x151 w:/energia-0101e0017/hardware/tools/msp430/bin/../lib/gcc/msp430/4.6.3\libgcc.a(_le_sf.o)
 .debug_abbrev  0x000025f6      0x164 w:/energia-0101e0017/hardware/tools/msp430/bin/../lib/gcc/msp430/4.6.3\libgcc.a(_si_to_sf.o)
 .debug_abbrev  0x0000275a      0x160 w:/energia-0101e0017/hardware/tools/msp430/bin/../lib/gcc/msp430/4.6.3\libgcc.a(_sf_to_si.o)
 .debug_abbrev  0x000028ba       0xba w:/energia-0101e0017/hardware/tools/msp430/bin/../lib/gcc/msp430/4.6.3\libgcc.a(_thenan_sf.o)
 .debug_abbrev  0x00002974      0x173 w:/energia-0101e0017/hardware/tools/msp430/bin/../lib/gcc/msp430/4.6.3\libgcc.a(_usi_to_sf.o)
 .debug_abbrev  0x00002ae7       0xac w:/energia-0101e0017/hardware/tools/msp430/bin/../lib/gcc/msp430/4.6.3\libgcc.a(_clzsi2.o)
 .debug_abbrev  0x00002b93      0x192 w:/energia-0101e0017/hardware/tools/msp430/bin/../lib/gcc/msp430/4.6.3\libgcc.a(_pack_sf.o)
 .debug_abbrev  0x00002d25      0x15a w:/energia-0101e0017/hardware/tools/msp430/bin/../lib/gcc/msp430/4.6.3\libgcc.a(_unpack_sf.o)
 .debug_abbrev  0x00002e7f      0x10b w:/energia-0101e0017/hardware/tools/msp430/bin/../lib/gcc/msp430/4.6.3\libgcc.a(_fpcmp_parts_sf.o)
 .debug_abbrev  0x00002f8a       0x61 w:/energia-0101e0017/hardware/tools/msp430/bin/../lib/gcc/msp430/4.6.3\libgcc.a(_clz.o)
 .debug_abbrev  0x00002feb       0x6f w:/energia-0101e0017/hardware/tools/msp430/bin/../lib/gcc/msp430/4.6.3/../../../../msp430/lib\libc.a(strchr.o)
 .debug_abbrev  0x0000305a       0x60 w:/energia-0101e0017/hardware/tools/msp430/bin/../lib/gcc/msp430/4.6.3/../../../../msp430/lib\libc.a(strcmp.o)
 .debug_abbrev  0x000030ba       0x7c w:/energia-0101e0017/hardware/tools/msp430/bin/../lib/gcc/msp430/4.6.3/../../../../msp430/lib\libc.a(strncmp.o)
 .debug_abbrev  0x00003136       0x7e w:/energia-0101e0017/hardware/tools/msp430/bin/../lib/gcc/msp430/4.6.3/../../../../msp430/lib\libc.a(strcpy.o)
 .debug_abbrev  0x000031b4       0x94 w:/energia-0101e0017/hardware/tools/msp430/bin/../lib/gcc/msp430/4.6.3/../../../../msp430/lib\libc.a(strncpy.o)
 .debug_abbrev  0x00003248       0x97 w:/energia-0101e0017/hardware/tools/msp430/bin/../lib/gcc/msp430/4.6.3/../../../../msp430/lib\libc.a(memcpy.o)
 .debug_abbrev  0x000032df       0x97 w:/energia-0101e0017/hardware/tools/msp430/bin/../lib/gcc/msp430/4.6.3/../../../../msp430/lib\libc.a(memmove.o)
 .debug_abbrev  0x00003376       0x7e w:/energia-0101e0017/hardware/tools/msp430/bin/../lib/gcc/msp430/4.6.3/../../../../msp430/lib\libc.a(strrchr.o)
 .debug_abbrev  0x000033f4       0x8b w:/energia-0101e0017/hardware/tools/msp430/bin/../lib/gcc/msp430/4.6.3/../../../../msp430/lib\libc.a(strstr.o)
 .debug_abbrev  0x0000347f       0x60 w:/energia-0101e0017/hardware/tools/msp430/bin/../lib/gcc/msp430/4.6.3/../../../../msp430/lib\libc.a(atol.o)
 .debug_abbrev  0x000034df      0x104 w:/energia-0101e0017/hardware/tools/msp430/bin/../lib/gcc/msp430/4.6.3/../../../../msp430/lib\libc.a(malloc.o)
 .debug_abbrev  0x000035e3      0x112 w:/energia-0101e0017/hardware/tools/msp430/bin/../lib/gcc/msp430/4.6.3/../../../../msp430/lib\libc.a(strtol.o)
 .debug_abbrev  0x000036f5      0x105 w:/energia-0101e0017/hardware/tools/msp430/bin/../lib/gcc/msp430/4.6.3/../../../../msp430/lib\libc.a(sprintf.o)
 .debug_abbrev  0x000037fa      0x1ef w:/energia-0101e0017/hardware/tools/msp430/bin/../lib/gcc/msp430/4.6.3/../../../../msp430/lib\libc.a(vuprintf.o)
 .debug_abbrev  0x000039e9       0x30 w:/energia-0101e0017/hardware/tools/msp430/bin/../lib/gcc/msp430/4.6.3/../../../../msp430/lib\libc.a(errno.o)
 .debug_abbrev  0x00003a19       0x14 w:/energia-0101e0017/hardware/tools/msp430/bin/../lib/gcc/msp430/4.6.3\libgcc.a(_divmod32.o)
 .debug_abbrev  0x00003a2d       0x14 w:/energia-0101e0017/hardware/tools/msp430/bin/../lib/gcc/msp430/4.6.3\libgcc.a(_udivmod64.o)
 .debug_abbrev  0x00003a41       0x14 w:/energia-0101e0017/hardware/tools/msp430/bin/../lib/gcc/msp430/4.6.3\libcrt0.a(__watchdog_support.o)
 .debug_abbrev  0x00003a55       0x14 w:/energia-0101e0017/hardware/tools/msp430/bin/../lib/gcc/msp430/4.6.3\libcrt0.a(__init_stack.o)
 .debug_abbrev  0x00003a69       0x14 w:/energia-0101e0017/hardware/tools/msp430/bin/../lib/gcc/msp430/4.6.3\libcrt0.a(_copy_data.o)
 .debug_abbrev  0x00003a7d       0x14 w:/energia-0101e0017/hardware/tools/msp430/bin/../lib/gcc/msp430/4.6.3\libcrt0.a(_clear_bss.o)
 .debug_abbrev  0x00003a91       0x14 w:/energia-0101e0017/hardware/tools/msp430/bin/../lib/gcc/msp430/4.6.3\libcrt0.a(_endless_loop__.o)
 .debug_abbrev  0x00003aa5       0x14 w:/energia-0101e0017/hardware/tools/msp430/bin/../lib/gcc/msp430/4.6.3\libcrt0.a(_unexpected_.o)
 .debug_abbrev  0x00003ab9       0x14 w:/energia-0101e0017/hardware/tools/msp430/bin/../lib/gcc/msp430/4.6.3\libcrt0.a(_ctors430.o)

.debug_line     0x00000000     0x40df
 *(.debug_line)
 .debug_line    0x00000000      0x6f1 ./Enrf24.o
 .debug_line    0x000006f1      0x1f5 ./RF_light_remote.o
 .debug_line    0x000008e6      0x11c W:/OneDrive/CCS/lpmsp430g2553_SPI/Debug\liblpmsp430g2553_SPI.a(SPI.o)
 .debug_line    0x00000a02      0x1a8 W:/OneDrive/CCS/lpmsp430g2553_SPI/Debug\liblpmsp430g2553_SPI.a(usci_spi.o)
 .debug_line    0x00000baa      0x21d W:/OneDrive/CCS/lpmsp430g2553_core/Debug\liblpmsp430g2553_core.a(WInterrupts.o)
 .debug_line    0x00000dc7      0x28d W:/OneDrive/CCS/lpmsp430g2553_core/Debug\liblpmsp430g2553_core.a(wiring.o)
 .debug_line    0x00001054      0x1c0 W:/OneDrive/CCS/lpmsp430g2553_core/Debug\liblpmsp430g2553_core.a(wiring_digital.o)
 .debug_line    0x00001214      0x125 W:/OneDrive/CCS/lpmsp430g2553_core/Debug\liblpmsp430g2553_core.a(main.o)
 .debug_line    0x00001339      0x376 W:/OneDrive/CCS/lpmsp430g2553_core/Debug\liblpmsp430g2553_core.a(Print.o)
 .debug_line    0x000016af      0x7b9 W:/OneDrive/CCS/lpmsp430g2553_core/Debug\liblpmsp430g2553_core.a(WString.o)
 .debug_line    0x00001e68       0xc3 W:/OneDrive/CCS/lpmsp430g2553_core/Debug\liblpmsp430g2553_core.a(atof.o)
 .debug_line    0x00001f2b       0xf7 W:/OneDrive/CCS/lpmsp430g2553_core/Debug\liblpmsp430g2553_core.a(dtostrf.o)
 .debug_line    0x00002022       0xde W:/OneDrive/CCS/lpmsp430g2553_core/Debug\liblpmsp430g2553_core.a(itoa.o)
 .debug_line    0x00002100      0x110 W:/OneDrive/CCS/lpmsp430g2553_core/Debug\liblpmsp430g2553_core.a(new.o)
 .debug_line    0x00002210      0x1c6 w:/energia-0101e0017/hardware/tools/msp430/bin/../lib/gcc/msp430/4.6.3/../../../../msp430/lib\libm.a(ef_pow.o)
 .debug_line    0x000023d6       0x97 w:/energia-0101e0017/hardware/tools/msp430/bin/../lib/gcc/msp430/4.6.3/../../../../msp430/lib\libm.a(sf_scalbn.o)
 .debug_line    0x0000246d       0xb7 w:/energia-0101e0017/hardware/tools/msp430/bin/../lib/gcc/msp430/4.6.3/../../../../msp430/lib\libm.a(ef_sqrt.o)
 .debug_line    0x00002524       0x73 w:/energia-0101e0017/hardware/tools/msp430/bin/../lib/gcc/msp430/4.6.3\libgcc.a(_mulqi3.o)
 .debug_line    0x00002597       0x74 w:/energia-0101e0017/hardware/tools/msp430/bin/../lib/gcc/msp430/4.6.3\libgcc.a(_mulhi3.o)
 .debug_line    0x0000260b       0x7e w:/energia-0101e0017/hardware/tools/msp430/bin/../lib/gcc/msp430/4.6.3\libgcc.a(_mulsi3.o)
 .debug_line    0x00002689       0x77 w:/energia-0101e0017/hardware/tools/msp430/bin/../lib/gcc/msp430/4.6.3\libgcc.a(_udivmod16.o)
 .debug_line    0x00002700       0x86 w:/energia-0101e0017/hardware/tools/msp430/bin/../lib/gcc/msp430/4.6.3\libgcc.a(_udivmod32.o)
 .debug_line    0x00002786       0x6f w:/energia-0101e0017/hardware/tools/msp430/bin/../lib/gcc/msp430/4.6.3\libgcc.a(_fixunssfsi.o)
 .debug_line    0x000027f5      0x117 w:/energia-0101e0017/hardware/tools/msp430/bin/../lib/gcc/msp430/4.6.3\libgcc.a(_addsub_sf.o)
 .debug_line    0x0000290c      0x10f w:/energia-0101e0017/hardware/tools/msp430/bin/../lib/gcc/msp430/4.6.3\libgcc.a(_mul_sf.o)
 .debug_line    0x00002a1b       0xd1 w:/energia-0101e0017/hardware/tools/msp430/bin/../lib/gcc/msp430/4.6.3\libgcc.a(_div_sf.o)
 .debug_line    0x00002aec       0x89 w:/energia-0101e0017/hardware/tools/msp430/bin/../lib/gcc/msp430/4.6.3\libgcc.a(_gt_sf.o)
 .debug_line    0x00002b75       0x89 w:/energia-0101e0017/hardware/tools/msp430/bin/../lib/gcc/msp430/4.6.3\libgcc.a(_ge_sf.o)
 .debug_line    0x00002bfe       0x89 w:/energia-0101e0017/hardware/tools/msp430/bin/../lib/gcc/msp430/4.6.3\libgcc.a(_lt_sf.o)
 .debug_line    0x00002c87       0x89 w:/energia-0101e0017/hardware/tools/msp430/bin/../lib/gcc/msp430/4.6.3\libgcc.a(_le_sf.o)
 .debug_line    0x00002d10       0xa1 w:/energia-0101e0017/hardware/tools/msp430/bin/../lib/gcc/msp430/4.6.3\libgcc.a(_si_to_sf.o)
 .debug_line    0x00002db1       0x97 w:/energia-0101e0017/hardware/tools/msp430/bin/../lib/gcc/msp430/4.6.3\libgcc.a(_sf_to_si.o)
 .debug_line    0x00002e48       0x6c w:/energia-0101e0017/hardware/tools/msp430/bin/../lib/gcc/msp430/4.6.3\libgcc.a(_thenan_sf.o)
 .debug_line    0x00002eb4       0x9e w:/energia-0101e0017/hardware/tools/msp430/bin/../lib/gcc/msp430/4.6.3\libgcc.a(_usi_to_sf.o)
 .debug_line    0x00002f52       0x99 w:/energia-0101e0017/hardware/tools/msp430/bin/../lib/gcc/msp430/4.6.3\libgcc.a(_clzsi2.o)
 .debug_line    0x00002feb       0xda w:/energia-0101e0017/hardware/tools/msp430/bin/../lib/gcc/msp430/4.6.3\libgcc.a(_pack_sf.o)
 .debug_line    0x000030c5       0xb5 w:/energia-0101e0017/hardware/tools/msp430/bin/../lib/gcc/msp430/4.6.3\libgcc.a(_unpack_sf.o)
 .debug_line    0x0000317a       0xc0 w:/energia-0101e0017/hardware/tools/msp430/bin/../lib/gcc/msp430/4.6.3\libgcc.a(_fpcmp_parts_sf.o)
 .debug_line    0x0000323a       0x5b w:/energia-0101e0017/hardware/tools/msp430/bin/../lib/gcc/msp430/4.6.3\libgcc.a(_clz.o)
 .debug_line    0x00003295       0x44 w:/energia-0101e0017/hardware/tools/msp430/bin/../lib/gcc/msp430/4.6.3/../../../../msp430/lib\libc.a(strchr.o)
 .debug_line    0x000032d9       0x49 w:/energia-0101e0017/hardware/tools/msp430/bin/../lib/gcc/msp430/4.6.3/../../../../msp430/lib\libc.a(strcmp.o)
 .debug_line    0x00003322       0x82 w:/energia-0101e0017/hardware/tools/msp430/bin/../lib/gcc/msp430/4.6.3/../../../../msp430/lib\libc.a(strncmp.o)
 .debug_line    0x000033a4       0x4d w:/energia-0101e0017/hardware/tools/msp430/bin/../lib/gcc/msp430/4.6.3/../../../../msp430/lib\libc.a(strcpy.o)
 .debug_line    0x000033f1       0x85 w:/energia-0101e0017/hardware/tools/msp430/bin/../lib/gcc/msp430/4.6.3/../../../../msp430/lib\libc.a(strncpy.o)
 .debug_line    0x00003476       0xf6 w:/energia-0101e0017/hardware/tools/msp430/bin/../lib/gcc/msp430/4.6.3/../../../../msp430/lib\libc.a(memcpy.o)
 .debug_line    0x0000356c       0xf6 w:/energia-0101e0017/hardware/tools/msp430/bin/../lib/gcc/msp430/4.6.3/../../../../msp430/lib\libc.a(memmove.o)
 .debug_line    0x00003662       0x47 w:/energia-0101e0017/hardware/tools/msp430/bin/../lib/gcc/msp430/4.6.3/../../../../msp430/lib\libc.a(strrchr.o)
 .debug_line    0x000036a9       0x86 w:/energia-0101e0017/hardware/tools/msp430/bin/../lib/gcc/msp430/4.6.3/../../../../msp430/lib\libc.a(strstr.o)
 .debug_line    0x0000372f       0x3d w:/energia-0101e0017/hardware/tools/msp430/bin/../lib/gcc/msp430/4.6.3/../../../../msp430/lib\libc.a(atol.o)
 .debug_line    0x0000376c       0xce w:/energia-0101e0017/hardware/tools/msp430/bin/../lib/gcc/msp430/4.6.3/../../../../msp430/lib\libc.a(malloc.o)
 .debug_line    0x0000383a      0x10b w:/energia-0101e0017/hardware/tools/msp430/bin/../lib/gcc/msp430/4.6.3/../../../../msp430/lib\libc.a(strtol.o)
 .debug_line    0x00003945       0xa9 w:/energia-0101e0017/hardware/tools/msp430/bin/../lib/gcc/msp430/4.6.3/../../../../msp430/lib\libc.a(sprintf.o)
 .debug_line    0x000039ee      0x2df w:/energia-0101e0017/hardware/tools/msp430/bin/../lib/gcc/msp430/4.6.3/../../../../msp430/lib\libc.a(vuprintf.o)
 .debug_line    0x00003ccd       0x31 w:/energia-0101e0017/hardware/tools/msp430/bin/../lib/gcc/msp430/4.6.3/../../../../msp430/lib\libc.a(errno.o)
 .debug_line    0x00003cfe       0x8b w:/energia-0101e0017/hardware/tools/msp430/bin/../lib/gcc/msp430/4.6.3\libgcc.a(_divmod32.o)
 .debug_line    0x00003d89       0xcc w:/energia-0101e0017/hardware/tools/msp430/bin/../lib/gcc/msp430/4.6.3\libgcc.a(_udivmod64.o)
 .debug_line    0x00003e55       0x5c w:/energia-0101e0017/hardware/tools/msp430/bin/../lib/gcc/msp430/4.6.3\libcrt0.a(__watchdog_support.o)
 .debug_line    0x00003eb1       0x5a w:/energia-0101e0017/hardware/tools/msp430/bin/../lib/gcc/msp430/4.6.3\libcrt0.a(__init_stack.o)
 .debug_line    0x00003f0b       0x60 w:/energia-0101e0017/hardware/tools/msp430/bin/../lib/gcc/msp430/4.6.3\libcrt0.a(_copy_data.o)
 .debug_line    0x00003f6b       0x60 w:/energia-0101e0017/hardware/tools/msp430/bin/../lib/gcc/msp430/4.6.3\libcrt0.a(_clear_bss.o)
 .debug_line    0x00003fcb       0x5b w:/energia-0101e0017/hardware/tools/msp430/bin/../lib/gcc/msp430/4.6.3\libcrt0.a(_endless_loop__.o)
 .debug_line    0x00004026       0x5a w:/energia-0101e0017/hardware/tools/msp430/bin/../lib/gcc/msp430/4.6.3\libcrt0.a(_unexpected_.o)
 .debug_line    0x00004080       0x5f w:/energia-0101e0017/hardware/tools/msp430/bin/../lib/gcc/msp430/4.6.3\libcrt0.a(_ctors430.o)

.debug_frame    0x00000000     0x1726
 *(.debug_frame)
 .debug_frame   0x00000000      0x376 ./Enrf24.o
 .debug_frame   0x00000376       0x54 ./RF_light_remote.o
 .debug_frame   0x000003ca       0x5a W:/OneDrive/CCS/lpmsp430g2553_SPI/Debug\liblpmsp430g2553_SPI.a(usci_spi.o)
 .debug_frame   0x00000424       0x7e W:/OneDrive/CCS/lpmsp430g2553_core/Debug\liblpmsp430g2553_core.a(WInterrupts.o)
 .debug_frame   0x000004a2      0x110 W:/OneDrive/CCS/lpmsp430g2553_core/Debug\liblpmsp430g2553_core.a(wiring.o)
 .debug_frame   0x000005b2       0x70 W:/OneDrive/CCS/lpmsp430g2553_core/Debug\liblpmsp430g2553_core.a(wiring_digital.o)
 .debug_frame   0x00000622       0x1e W:/OneDrive/CCS/lpmsp430g2553_core/Debug\liblpmsp430g2553_core.a(main.o)
 .debug_frame   0x00000640      0x24a W:/OneDrive/CCS/lpmsp430g2553_core/Debug\liblpmsp430g2553_core.a(Print.o)
 .debug_frame   0x0000088a      0x5f4 W:/OneDrive/CCS/lpmsp430g2553_core/Debug\liblpmsp430g2553_core.a(WString.o)
 .debug_frame   0x00000e7e       0x4a W:/OneDrive/CCS/lpmsp430g2553_core/Debug\liblpmsp430g2553_core.a(atof.o)
 .debug_frame   0x00000ec8       0x54 W:/OneDrive/CCS/lpmsp430g2553_core/Debug\liblpmsp430g2553_core.a(dtostrf.o)
 .debug_frame   0x00000f1c       0xa0 W:/OneDrive/CCS/lpmsp430g2553_core/Debug\liblpmsp430g2553_core.a(itoa.o)
 .debug_frame   0x00000fbc       0x5a W:/OneDrive/CCS/lpmsp430g2553_core/Debug\liblpmsp430g2553_core.a(new.o)
 .debug_frame   0x00001016       0x56 w:/energia-0101e0017/hardware/tools/msp430/bin/../lib/gcc/msp430/4.6.3/../../../../msp430/lib\libm.a(ef_pow.o)
 .debug_frame   0x0000106c       0x44 w:/energia-0101e0017/hardware/tools/msp430/bin/../lib/gcc/msp430/4.6.3/../../../../msp430/lib\libm.a(sf_scalbn.o)
 .debug_frame   0x000010b0       0x62 w:/energia-0101e0017/hardware/tools/msp430/bin/../lib/gcc/msp430/4.6.3/../../../../msp430/lib\libm.a(ef_sqrt.o)
 .debug_frame   0x00001112       0x28 w:/energia-0101e0017/hardware/tools/msp430/bin/../lib/gcc/msp430/4.6.3\libgcc.a(_fixunssfsi.o)
 .debug_frame   0x0000113a       0x6a w:/energia-0101e0017/hardware/tools/msp430/bin/../lib/gcc/msp430/4.6.3\libgcc.a(_addsub_sf.o)
 .debug_frame   0x000011a4       0x4a w:/energia-0101e0017/hardware/tools/msp430/bin/../lib/gcc/msp430/4.6.3\libgcc.a(_mul_sf.o)
 .debug_frame   0x000011ee       0x3a w:/energia-0101e0017/hardware/tools/msp430/bin/../lib/gcc/msp430/4.6.3\libgcc.a(_div_sf.o)
 .debug_frame   0x00001228       0x22 w:/energia-0101e0017/hardware/tools/msp430/bin/../lib/gcc/msp430/4.6.3\libgcc.a(_gt_sf.o)
 .debug_frame   0x0000124a       0x22 w:/energia-0101e0017/hardware/tools/msp430/bin/../lib/gcc/msp430/4.6.3\libgcc.a(_ge_sf.o)
 .debug_frame   0x0000126c       0x22 w:/energia-0101e0017/hardware/tools/msp430/bin/../lib/gcc/msp430/4.6.3\libgcc.a(_lt_sf.o)
 .debug_frame   0x0000128e       0x22 w:/energia-0101e0017/hardware/tools/msp430/bin/../lib/gcc/msp430/4.6.3\libgcc.a(_le_sf.o)
 .debug_frame   0x000012b0       0x2c w:/energia-0101e0017/hardware/tools/msp430/bin/../lib/gcc/msp430/4.6.3\libgcc.a(_si_to_sf.o)
 .debug_frame   0x000012dc       0x22 w:/energia-0101e0017/hardware/tools/msp430/bin/../lib/gcc/msp430/4.6.3\libgcc.a(_sf_to_si.o)
 .debug_frame   0x000012fe       0x36 w:/energia-0101e0017/hardware/tools/msp430/bin/../lib/gcc/msp430/4.6.3\libgcc.a(_usi_to_sf.o)
 .debug_frame   0x00001334       0x2e w:/energia-0101e0017/hardware/tools/msp430/bin/../lib/gcc/msp430/4.6.3\libgcc.a(_clzsi2.o)
 .debug_frame   0x00001362       0x38 w:/energia-0101e0017/hardware/tools/msp430/bin/../lib/gcc/msp430/4.6.3\libgcc.a(_pack_sf.o)
 .debug_frame   0x0000139a       0x28 w:/energia-0101e0017/hardware/tools/msp430/bin/../lib/gcc/msp430/4.6.3\libgcc.a(_unpack_sf.o)
 .debug_frame   0x000013c2       0x24 w:/energia-0101e0017/hardware/tools/msp430/bin/../lib/gcc/msp430/4.6.3\libgcc.a(_fpcmp_parts_sf.o)
 .debug_frame   0x000013e6       0x1e w:/energia-0101e0017/hardware/tools/msp430/bin/../lib/gcc/msp430/4.6.3/../../../../msp430/lib\libc.a(strchr.o)
 .debug_frame   0x00001404       0x1e w:/energia-0101e0017/hardware/tools/msp430/bin/../lib/gcc/msp430/4.6.3/../../../../msp430/lib\libc.a(strcmp.o)
 .debug_frame   0x00001422       0x24 w:/energia-0101e0017/hardware/tools/msp430/bin/../lib/gcc/msp430/4.6.3/../../../../msp430/lib\libc.a(strncmp.o)
 .debug_frame   0x00001446       0x1e w:/energia-0101e0017/hardware/tools/msp430/bin/../lib/gcc/msp430/4.6.3/../../../../msp430/lib\libc.a(strcpy.o)
 .debug_frame   0x00001464       0x24 w:/energia-0101e0017/hardware/tools/msp430/bin/../lib/gcc/msp430/4.6.3/../../../../msp430/lib\libc.a(strncpy.o)
 .debug_frame   0x00001488       0x38 w:/energia-0101e0017/hardware/tools/msp430/bin/../lib/gcc/msp430/4.6.3/../../../../msp430/lib\libc.a(memcpy.o)
 .debug_frame   0x000014c0       0x38 w:/energia-0101e0017/hardware/tools/msp430/bin/../lib/gcc/msp430/4.6.3/../../../../msp430/lib\libc.a(memmove.o)
 .debug_frame   0x000014f8       0x24 w:/energia-0101e0017/hardware/tools/msp430/bin/../lib/gcc/msp430/4.6.3/../../../../msp430/lib\libc.a(strrchr.o)
 .debug_frame   0x0000151c       0x38 w:/energia-0101e0017/hardware/tools/msp430/bin/../lib/gcc/msp430/4.6.3/../../../../msp430/lib\libc.a(strstr.o)
 .debug_frame   0x00001554       0x1e w:/energia-0101e0017/hardware/tools/msp430/bin/../lib/gcc/msp430/4.6.3/../../../../msp430/lib\libc.a(atol.o)
 .debug_frame   0x00001572       0x52 w:/energia-0101e0017/hardware/tools/msp430/bin/../lib/gcc/msp430/4.6.3/../../../../msp430/lib\libc.a(malloc.o)
 .debug_frame   0x000015c4       0x4a w:/energia-0101e0017/hardware/tools/msp430/bin/../lib/gcc/msp430/4.6.3/../../../../msp430/lib\libc.a(strtol.o)
 .debug_frame   0x0000160e       0x68 w:/energia-0101e0017/hardware/tools/msp430/bin/../lib/gcc/msp430/4.6.3/../../../../msp430/lib\libc.a(sprintf.o)
 .debug_frame   0x00001676       0xb0 w:/energia-0101e0017/hardware/tools/msp430/bin/../lib/gcc/msp430/4.6.3/../../../../msp430/lib\libc.a(vuprintf.o)

.debug_str      0x00000000     0x2af3
 *(.debug_str)
 .debug_str     0x00000000      0xa9c ./Enrf24.o
                                0xb19 (size before relaxing)
 .debug_str     0x00000a9c       0xf8 ./RF_light_remote.o
                                0x40d (size before relaxing)
 .debug_str     0x00000b94       0x63 W:/OneDrive/CCS/lpmsp430g2553_SPI/Debug\liblpmsp430g2553_SPI.a(SPI.o)
                                0x338 (size before relaxing)
 .debug_str     0x00000bf7      0x165 W:/OneDrive/CCS/lpmsp430g2553_SPI/Debug\liblpmsp430g2553_SPI.a(usci_spi.o)
                                0x383 (size before relaxing)
 .debug_str     0x00000d5c      0x15a W:/OneDrive/CCS/lpmsp430g2553_core/Debug\liblpmsp430g2553_core.a(WInterrupts.o)
                                0x315 (size before relaxing)
 .debug_str     0x00000eb6      0x197 W:/OneDrive/CCS/lpmsp430g2553_core/Debug\liblpmsp430g2553_core.a(wiring.o)
                                0x3be (size before relaxing)
 .debug_str     0x0000104d      0x1ee W:/OneDrive/CCS/lpmsp430g2553_core/Debug\liblpmsp430g2553_core.a(wiring_digital.o)
                                0x448 (size before relaxing)
 .debug_str     0x0000123b       0x69 W:/OneDrive/CCS/lpmsp430g2553_core/Debug\liblpmsp430g2553_core.a(main.o)
                                0x206 (size before relaxing)
 .debug_str     0x000012a4      0xc3e W:/OneDrive/CCS/lpmsp430g2553_core/Debug\liblpmsp430g2553_core.a(Print.o)
                                0xe75 (size before relaxing)
 .debug_str     0x00001ee2      0x258 W:/OneDrive/CCS/lpmsp430g2553_core/Debug\liblpmsp430g2553_core.a(WString.o)
                                0xc0d (size before relaxing)
 .debug_str     0x0000213a       0x55 W:/OneDrive/CCS/lpmsp430g2553_core/Debug\liblpmsp430g2553_core.a(atof.o)
                                 0xb8 (size before relaxing)
 .debug_str     0x0000218f       0x61 W:/OneDrive/CCS/lpmsp430g2553_core/Debug\liblpmsp430g2553_core.a(dtostrf.o)
                                0x17a (size before relaxing)
 .debug_str     0x000021f0       0x4f W:/OneDrive/CCS/lpmsp430g2553_core/Debug\liblpmsp430g2553_core.a(itoa.o)
                                0x124 (size before relaxing)
 .debug_str     0x0000223f       0x9c W:/OneDrive/CCS/lpmsp430g2553_core/Debug\liblpmsp430g2553_core.a(new.o)
                                0x185 (size before relaxing)
 .debug_str     0x000022db       0xcc w:/energia-0101e0017/hardware/tools/msp430/bin/../lib/gcc/msp430/4.6.3/../../../../msp430/lib\libm.a(ef_pow.o)
                                0x197 (size before relaxing)
 .debug_str     0x000023a7       0x2f w:/energia-0101e0017/hardware/tools/msp430/bin/../lib/gcc/msp430/4.6.3/../../../../msp430/lib\libm.a(sf_scalbn.o)
                                0x15a (size before relaxing)
 .debug_str     0x000023d6       0x26 w:/energia-0101e0017/hardware/tools/msp430/bin/../lib/gcc/msp430/4.6.3/../../../../msp430/lib\libm.a(ef_sqrt.o)
                                0x152 (size before relaxing)
 .debug_str     0x000023fc       0x86 w:/energia-0101e0017/hardware/tools/msp430/bin/../lib/gcc/msp430/4.6.3\libgcc.a(_fixunssfsi.o)
                                0x13e (size before relaxing)
 .debug_str     0x00002482      0x138 w:/energia-0101e0017/hardware/tools/msp430/bin/../lib/gcc/msp430/4.6.3\libgcc.a(_addsub_sf.o)
                                0x238 (size before relaxing)
 .debug_str     0x000025ba       0x27 w:/energia-0101e0017/hardware/tools/msp430/bin/../lib/gcc/msp430/4.6.3\libgcc.a(_mul_sf.o)
                                0x1f1 (size before relaxing)
 .debug_str     0x000025e1       0x35 w:/energia-0101e0017/hardware/tools/msp430/bin/../lib/gcc/msp430/4.6.3\libgcc.a(_div_sf.o)
                                0x1fa (size before relaxing)
 .debug_str     0x00002616        0x8 w:/energia-0101e0017/hardware/tools/msp430/bin/../lib/gcc/msp430/4.6.3\libgcc.a(_gt_sf.o)
                                0x1bf (size before relaxing)
 .debug_str     0x0000261e        0x8 w:/energia-0101e0017/hardware/tools/msp430/bin/../lib/gcc/msp430/4.6.3\libgcc.a(_ge_sf.o)
                                0x1bf (size before relaxing)
 .debug_str     0x00002626        0x8 w:/energia-0101e0017/hardware/tools/msp430/bin/../lib/gcc/msp430/4.6.3\libgcc.a(_lt_sf.o)
                                0x1bf (size before relaxing)
 .debug_str     0x0000262e        0x8 w:/energia-0101e0017/hardware/tools/msp430/bin/../lib/gcc/msp430/4.6.3\libgcc.a(_le_sf.o)
                                0x1bf (size before relaxing)
 .debug_str     0x00002636       0x27 w:/energia-0101e0017/hardware/tools/msp430/bin/../lib/gcc/msp430/4.6.3\libgcc.a(_si_to_sf.o)
                                0x1ae (size before relaxing)
 .debug_str     0x0000265d        0xa w:/energia-0101e0017/hardware/tools/msp430/bin/../lib/gcc/msp430/4.6.3\libgcc.a(_sf_to_si.o)
                                0x1c8 (size before relaxing)
 .debug_str     0x00000000      0x16a w:/energia-0101e0017/hardware/tools/msp430/bin/../lib/gcc/msp430/4.6.3\libgcc.a(_thenan_sf.o)
 .debug_str     0x00002667        0xe w:/energia-0101e0017/hardware/tools/msp430/bin/../lib/gcc/msp430/4.6.3\libgcc.a(_usi_to_sf.o)
                                0x1aa (size before relaxing)
 .debug_str     0x00002675       0x17 w:/energia-0101e0017/hardware/tools/msp430/bin/../lib/gcc/msp430/4.6.3\libgcc.a(_clzsi2.o)
                                0x14a (size before relaxing)
 .debug_str     0x0000268c       0x10 w:/energia-0101e0017/hardware/tools/msp430/bin/../lib/gcc/msp430/4.6.3\libgcc.a(_pack_sf.o)
                                0x1c7 (size before relaxing)
 .debug_str     0x0000269c        0xb w:/energia-0101e0017/hardware/tools/msp430/bin/../lib/gcc/msp430/4.6.3\libgcc.a(_unpack_sf.o)
                                0x1a9 (size before relaxing)
 .debug_str     0x000026a7       0x10 w:/energia-0101e0017/hardware/tools/msp430/bin/../lib/gcc/msp430/4.6.3\libgcc.a(_fpcmp_parts_sf.o)
                                0x18d (size before relaxing)
 .debug_str     0x00000000      0x12d w:/energia-0101e0017/hardware/tools/msp430/bin/../lib/gcc/msp430/4.6.3\libgcc.a(_clz.o)
 .debug_str     0x000026b7       0x19 w:/energia-0101e0017/hardware/tools/msp430/bin/../lib/gcc/msp430/4.6.3/../../../../msp430/lib\libc.a(strchr.o)
                                 0xfd (size before relaxing)
 .debug_str     0x000026d0       0x19 w:/energia-0101e0017/hardware/tools/msp430/bin/../lib/gcc/msp430/4.6.3/../../../../msp430/lib\libc.a(strcmp.o)
                                 0xfd (size before relaxing)
 .debug_str     0x000026e9       0x1b w:/energia-0101e0017/hardware/tools/msp430/bin/../lib/gcc/msp430/4.6.3/../../../../msp430/lib\libc.a(strncmp.o)
                                0x106 (size before relaxing)
 .debug_str     0x00002704       0x23 w:/energia-0101e0017/hardware/tools/msp430/bin/../lib/gcc/msp430/4.6.3/../../../../msp430/lib\libc.a(strcpy.o)
                                0x107 (size before relaxing)
 .debug_str     0x00002727       0x1b w:/energia-0101e0017/hardware/tools/msp430/bin/../lib/gcc/msp430/4.6.3/../../../../msp430/lib\libc.a(strncpy.o)
                                0x106 (size before relaxing)
 .debug_str     0x00002742       0x28 w:/energia-0101e0017/hardware/tools/msp430/bin/../lib/gcc/msp430/4.6.3/../../../../msp430/lib\libc.a(memcpy.o)
                                0x11f (size before relaxing)
 .debug_str     0x0000276a       0x1b w:/energia-0101e0017/hardware/tools/msp430/bin/../lib/gcc/msp430/4.6.3/../../../../msp430/lib\libc.a(memmove.o)
                                0x121 (size before relaxing)
 .debug_str     0x00002785       0x1b w:/energia-0101e0017/hardware/tools/msp430/bin/../lib/gcc/msp430/4.6.3/../../../../msp430/lib\libc.a(strrchr.o)
                                0x104 (size before relaxing)
 .debug_str     0x000027a0       0x19 w:/energia-0101e0017/hardware/tools/msp430/bin/../lib/gcc/msp430/4.6.3/../../../../msp430/lib\libc.a(strstr.o)
                                0x109 (size before relaxing)
 .debug_str     0x000027b9       0x15 w:/energia-0101e0017/hardware/tools/msp430/bin/../lib/gcc/msp430/4.6.3/../../../../msp430/lib\libc.a(atol.o)
                                 0xf9 (size before relaxing)
 .debug_str     0x000027ce       0x55 w:/energia-0101e0017/hardware/tools/msp430/bin/../lib/gcc/msp430/4.6.3/../../../../msp430/lib\libc.a(malloc.o)
                                0x145 (size before relaxing)
 .debug_str     0x00002823       0x47 w:/energia-0101e0017/hardware/tools/msp430/bin/../lib/gcc/msp430/4.6.3/../../../../msp430/lib\libc.a(strtol.o)
                                0x138 (size before relaxing)
 .debug_str     0x0000286a       0x85 w:/energia-0101e0017/hardware/tools/msp430/bin/../lib/gcc/msp430/4.6.3/../../../../msp430/lib\libc.a(sprintf.o)
                                0x198 (size before relaxing)
 .debug_str     0x000028ef      0x1f3 w:/energia-0101e0017/hardware/tools/msp430/bin/../lib/gcc/msp430/4.6.3/../../../../msp430/lib\libc.a(vuprintf.o)
                                0x37e (size before relaxing)
 .debug_str     0x00002ae2       0x11 w:/energia-0101e0017/hardware/tools/msp430/bin/../lib/gcc/msp430/4.6.3/../../../../msp430/lib\libc.a(errno.o)
                                 0x7c (size before relaxing)

.debug_loc      0x00000000     0x5956
 *(.debug_loc)
 .debug_loc     0x00000000      0xa75 ./Enrf24.o
 .debug_loc     0x00000a75       0x14 ./RF_light_remote.o
 .debug_loc     0x00000a89       0x48 W:/OneDrive/CCS/lpmsp430g2553_SPI/Debug\liblpmsp430g2553_SPI.a(usci_spi.o)
 .debug_loc     0x00000ad1       0xfc W:/OneDrive/CCS/lpmsp430g2553_core/Debug\liblpmsp430g2553_core.a(WInterrupts.o)
 .debug_loc     0x00000bcd      0x1c3 W:/OneDrive/CCS/lpmsp430g2553_core/Debug\liblpmsp430g2553_core.a(wiring.o)
 .debug_loc     0x00000d90      0x289 W:/OneDrive/CCS/lpmsp430g2553_core/Debug\liblpmsp430g2553_core.a(wiring_digital.o)
 .debug_loc     0x00001019      0x97c W:/OneDrive/CCS/lpmsp430g2553_core/Debug\liblpmsp430g2553_core.a(Print.o)
 .debug_loc     0x00001995     0x148c W:/OneDrive/CCS/lpmsp430g2553_core/Debug\liblpmsp430g2553_core.a(WString.o)
 .debug_loc     0x00002e21      0x17d W:/OneDrive/CCS/lpmsp430g2553_core/Debug\liblpmsp430g2553_core.a(atof.o)
 .debug_loc     0x00002f9e       0xae W:/OneDrive/CCS/lpmsp430g2553_core/Debug\liblpmsp430g2553_core.a(dtostrf.o)
 .debug_loc     0x0000304c      0x2e6 W:/OneDrive/CCS/lpmsp430g2553_core/Debug\liblpmsp430g2553_core.a(itoa.o)
 .debug_loc     0x00003332       0x21 W:/OneDrive/CCS/lpmsp430g2553_core/Debug\liblpmsp430g2553_core.a(new.o)
 .debug_loc     0x00003353      0x6d7 w:/energia-0101e0017/hardware/tools/msp430/bin/../lib/gcc/msp430/4.6.3/../../../../msp430/lib\libm.a(ef_pow.o)
 .debug_loc     0x00003a2a      0x16d w:/energia-0101e0017/hardware/tools/msp430/bin/../lib/gcc/msp430/4.6.3/../../../../msp430/lib\libm.a(sf_scalbn.o)
 .debug_loc     0x00003b97      0x1b4 w:/energia-0101e0017/hardware/tools/msp430/bin/../lib/gcc/msp430/4.6.3/../../../../msp430/lib\libm.a(ef_sqrt.o)
 .debug_loc     0x00003d4b       0x44 w:/energia-0101e0017/hardware/tools/msp430/bin/../lib/gcc/msp430/4.6.3\libgcc.a(_fixunssfsi.o)
 .debug_loc     0x00003d8f      0x2ca w:/energia-0101e0017/hardware/tools/msp430/bin/../lib/gcc/msp430/4.6.3\libgcc.a(_addsub_sf.o)
 .debug_loc     0x00004059      0x23c w:/energia-0101e0017/hardware/tools/msp430/bin/../lib/gcc/msp430/4.6.3\libgcc.a(_mul_sf.o)
 .debug_loc     0x00004295      0x110 w:/energia-0101e0017/hardware/tools/msp430/bin/../lib/gcc/msp430/4.6.3\libgcc.a(_div_sf.o)
 .debug_loc     0x000043a5       0x3c w:/energia-0101e0017/hardware/tools/msp430/bin/../lib/gcc/msp430/4.6.3\libgcc.a(_gt_sf.o)
 .debug_loc     0x000043e1       0x3c w:/energia-0101e0017/hardware/tools/msp430/bin/../lib/gcc/msp430/4.6.3\libgcc.a(_ge_sf.o)
 .debug_loc     0x0000441d       0x3c w:/energia-0101e0017/hardware/tools/msp430/bin/../lib/gcc/msp430/4.6.3\libgcc.a(_lt_sf.o)
 .debug_loc     0x00004459       0x3c w:/energia-0101e0017/hardware/tools/msp430/bin/../lib/gcc/msp430/4.6.3\libgcc.a(_le_sf.o)
 .debug_loc     0x00004495       0xa2 w:/energia-0101e0017/hardware/tools/msp430/bin/../lib/gcc/msp430/4.6.3\libgcc.a(_si_to_sf.o)
 .debug_loc     0x00004537       0x3c w:/energia-0101e0017/hardware/tools/msp430/bin/../lib/gcc/msp430/4.6.3\libgcc.a(_sf_to_si.o)
 .debug_loc     0x00004573       0x6c w:/energia-0101e0017/hardware/tools/msp430/bin/../lib/gcc/msp430/4.6.3\libgcc.a(_usi_to_sf.o)
 .debug_loc     0x000045df       0x80 w:/energia-0101e0017/hardware/tools/msp430/bin/../lib/gcc/msp430/4.6.3\libgcc.a(_clzsi2.o)
 .debug_loc     0x0000465f      0x181 w:/energia-0101e0017/hardware/tools/msp430/bin/../lib/gcc/msp430/4.6.3\libgcc.a(_pack_sf.o)
 .debug_loc     0x000047e0       0x83 w:/energia-0101e0017/hardware/tools/msp430/bin/../lib/gcc/msp430/4.6.3\libgcc.a(_unpack_sf.o)
 .debug_loc     0x00004863       0x5b w:/energia-0101e0017/hardware/tools/msp430/bin/../lib/gcc/msp430/4.6.3\libgcc.a(_fpcmp_parts_sf.o)
 .debug_loc     0x000048be        0xb w:/energia-0101e0017/hardware/tools/msp430/bin/../lib/gcc/msp430/4.6.3/../../../../msp430/lib\libc.a(strchr.o)
 .debug_loc     0x000048c9       0x24 w:/energia-0101e0017/hardware/tools/msp430/bin/../lib/gcc/msp430/4.6.3/../../../../msp430/lib\libc.a(strcmp.o)
 .debug_loc     0x000048ed       0x38 w:/energia-0101e0017/hardware/tools/msp430/bin/../lib/gcc/msp430/4.6.3/../../../../msp430/lib\libc.a(strncmp.o)
 .debug_loc     0x00004925       0x12 w:/energia-0101e0017/hardware/tools/msp430/bin/../lib/gcc/msp430/4.6.3/../../../../msp430/lib\libc.a(strcpy.o)
 .debug_loc     0x00004937       0x45 w:/energia-0101e0017/hardware/tools/msp430/bin/../lib/gcc/msp430/4.6.3/../../../../msp430/lib\libc.a(strncpy.o)
 .debug_loc     0x0000497c      0x1e9 w:/energia-0101e0017/hardware/tools/msp430/bin/../lib/gcc/msp430/4.6.3/../../../../msp430/lib\libc.a(memcpy.o)
 .debug_loc     0x00004b65      0x1e9 w:/energia-0101e0017/hardware/tools/msp430/bin/../lib/gcc/msp430/4.6.3/../../../../msp430/lib\libc.a(memmove.o)
 .debug_loc     0x00004d4e       0x39 w:/energia-0101e0017/hardware/tools/msp430/bin/../lib/gcc/msp430/4.6.3/../../../../msp430/lib\libc.a(strrchr.o)
 .debug_loc     0x00004d87       0xa9 w:/energia-0101e0017/hardware/tools/msp430/bin/../lib/gcc/msp430/4.6.3/../../../../msp430/lib\libc.a(strstr.o)
 .debug_loc     0x00004e30        0xb w:/energia-0101e0017/hardware/tools/msp430/bin/../lib/gcc/msp430/4.6.3/../../../../msp430/lib\libc.a(atol.o)
 .debug_loc     0x00004e3b      0x12e w:/energia-0101e0017/hardware/tools/msp430/bin/../lib/gcc/msp430/4.6.3/../../../../msp430/lib\libc.a(malloc.o)
 .debug_loc     0x00004f69      0x1f6 w:/energia-0101e0017/hardware/tools/msp430/bin/../lib/gcc/msp430/4.6.3/../../../../msp430/lib\libc.a(strtol.o)
 .debug_loc     0x0000515f       0xeb w:/energia-0101e0017/hardware/tools/msp430/bin/../lib/gcc/msp430/4.6.3/../../../../msp430/lib\libc.a(sprintf.o)
 .debug_loc     0x0000524a      0x70c w:/energia-0101e0017/hardware/tools/msp430/bin/../lib/gcc/msp430/4.6.3/../../../../msp430/lib\libc.a(vuprintf.o)

.debug_macinfo
 *(.debug_macinfo)

.debug_pubtypes
 *(.debug_pubtypes)

.debug_ranges   0x00000000       0x90
 *(.debug_ranges)
 .debug_ranges  0x00000000       0x14 w:/energia-0101e0017/hardware/tools/msp430/bin/../lib/gcc/msp430/4.6.3\libgcc.a(_addsub_sf.o)
 .debug_ranges  0x00000014       0x28 w:/energia-0101e0017/hardware/tools/msp430/bin/../lib/gcc/msp430/4.6.3\libgcc.a(_mul_sf.o)
 .debug_ranges  0x0000003c       0x24 w:/energia-0101e0017/hardware/tools/msp430/bin/../lib/gcc/msp430/4.6.3\libgcc.a(_div_sf.o)
 .debug_ranges  0x00000060        0xc w:/energia-0101e0017/hardware/tools/msp430/bin/../lib/gcc/msp430/4.6.3\libgcc.a(_clzsi2.o)
 .debug_ranges  0x0000006c        0xc w:/energia-0101e0017/hardware/tools/msp430/bin/../lib/gcc/msp430/4.6.3/../../../../msp430/lib\libc.a(malloc.o)
 .debug_ranges  0x00000078       0x18 w:/energia-0101e0017/hardware/tools/msp430/bin/../lib/gcc/msp430/4.6.3/../../../../msp430/lib\libc.a(vuprintf.o)
                0x00000400                PROVIDE (__stack, (ORIGIN (ram) + 0x200))
                0x0000d224                PROVIDE (__data_start_rom, _etext)
                0x0000d226                PROVIDE (__data_end_rom, (_etext + SIZEOF (.data)))
OUTPUT(RF_light_remote.out elf32-msp430)
